Archive member included to satisfy reference by file (symbol)

C:\Users\Thanh Nam\Downloads\SDK_1.0.3_NUCLEO-F401RE\SDK_1.0.3_NUCLEO-F401RE\lib_stm\libLibraries.a(stm32f401re_gpio.o)
                              ./Src/bai5.o (GPIO_Init)
C:\Users\Thanh Nam\Downloads\SDK_1.0.3_NUCLEO-F401RE\SDK_1.0.3_NUCLEO-F401RE\lib_stm\libLibraries.a(stm32f401re_rcc.o)
                              ./Src/bai5.o (RCC_AHB1PeriphClockCmd)
c:/st/stm32cubeide_1.7.0/stm32cubeide/plugins/com.st.stm32cube.ide.mcu.externaltools.gnu-tools-for-stm32.9-2020-q2-update.win32_2.0.0.202105311346/tools/bin/../lib/gcc/arm-none-eabi/9.3.1/../../../../arm-none-eabi/lib/thumb/v7e-m+fp/hard\libc_nano.a(lib_a-errno.o)
                              ./Src/syscalls.o (__errno)
c:/st/stm32cubeide_1.7.0/stm32cubeide/plugins/com.st.stm32cube.ide.mcu.externaltools.gnu-tools-for-stm32.9-2020-q2-update.win32_2.0.0.202105311346/tools/bin/../lib/gcc/arm-none-eabi/9.3.1/../../../../arm-none-eabi/lib/thumb/v7e-m+fp/hard\libc_nano.a(lib_a-exit.o)
                              c:/st/stm32cubeide_1.7.0/stm32cubeide/plugins/com.st.stm32cube.ide.mcu.externaltools.gnu-tools-for-stm32.9-2020-q2-update.win32_2.0.0.202105311346/tools/bin/../lib/gcc/arm-none-eabi/9.3.1/../../../../arm-none-eabi/lib/thumb/v7e-m+fp/hard/crt0.o (exit)
c:/st/stm32cubeide_1.7.0/stm32cubeide/plugins/com.st.stm32cube.ide.mcu.externaltools.gnu-tools-for-stm32.9-2020-q2-update.win32_2.0.0.202105311346/tools/bin/../lib/gcc/arm-none-eabi/9.3.1/../../../../arm-none-eabi/lib/thumb/v7e-m+fp/hard\libc_nano.a(lib_a-impure.o)
                              c:/st/stm32cubeide_1.7.0/stm32cubeide/plugins/com.st.stm32cube.ide.mcu.externaltools.gnu-tools-for-stm32.9-2020-q2-update.win32_2.0.0.202105311346/tools/bin/../lib/gcc/arm-none-eabi/9.3.1/../../../../arm-none-eabi/lib/thumb/v7e-m+fp/hard\libc_nano.a(lib_a-exit.o) (_global_impure_ptr)
c:/st/stm32cubeide_1.7.0/stm32cubeide/plugins/com.st.stm32cube.ide.mcu.externaltools.gnu-tools-for-stm32.9-2020-q2-update.win32_2.0.0.202105311346/tools/bin/../lib/gcc/arm-none-eabi/9.3.1/../../../../arm-none-eabi/lib/thumb/v7e-m+fp/hard\libc_nano.a(lib_a-init.o)
                              c:/st/stm32cubeide_1.7.0/stm32cubeide/plugins/com.st.stm32cube.ide.mcu.externaltools.gnu-tools-for-stm32.9-2020-q2-update.win32_2.0.0.202105311346/tools/bin/../lib/gcc/arm-none-eabi/9.3.1/../../../../arm-none-eabi/lib/thumb/v7e-m+fp/hard/crt0.o (__libc_init_array)
c:/st/stm32cubeide_1.7.0/stm32cubeide/plugins/com.st.stm32cube.ide.mcu.externaltools.gnu-tools-for-stm32.9-2020-q2-update.win32_2.0.0.202105311346/tools/bin/../lib/gcc/arm-none-eabi/9.3.1/../../../../arm-none-eabi/lib/thumb/v7e-m+fp/hard\libc_nano.a(lib_a-memset.o)
                              c:/st/stm32cubeide_1.7.0/stm32cubeide/plugins/com.st.stm32cube.ide.mcu.externaltools.gnu-tools-for-stm32.9-2020-q2-update.win32_2.0.0.202105311346/tools/bin/../lib/gcc/arm-none-eabi/9.3.1/../../../../arm-none-eabi/lib/thumb/v7e-m+fp/hard/crt0.o (memset)

Discarded input sections

 .text          0x0000000000000000        0x0 c:/st/stm32cubeide_1.7.0/stm32cubeide/plugins/com.st.stm32cube.ide.mcu.externaltools.gnu-tools-for-stm32.9-2020-q2-update.win32_2.0.0.202105311346/tools/bin/../lib/gcc/arm-none-eabi/9.3.1/thumb/v7e-m+fp/hard/crti.o
 .data          0x0000000000000000        0x0 c:/st/stm32cubeide_1.7.0/stm32cubeide/plugins/com.st.stm32cube.ide.mcu.externaltools.gnu-tools-for-stm32.9-2020-q2-update.win32_2.0.0.202105311346/tools/bin/../lib/gcc/arm-none-eabi/9.3.1/thumb/v7e-m+fp/hard/crti.o
 .bss           0x0000000000000000        0x0 c:/st/stm32cubeide_1.7.0/stm32cubeide/plugins/com.st.stm32cube.ide.mcu.externaltools.gnu-tools-for-stm32.9-2020-q2-update.win32_2.0.0.202105311346/tools/bin/../lib/gcc/arm-none-eabi/9.3.1/thumb/v7e-m+fp/hard/crti.o
 .data          0x0000000000000000        0x4 c:/st/stm32cubeide_1.7.0/stm32cubeide/plugins/com.st.stm32cube.ide.mcu.externaltools.gnu-tools-for-stm32.9-2020-q2-update.win32_2.0.0.202105311346/tools/bin/../lib/gcc/arm-none-eabi/9.3.1/thumb/v7e-m+fp/hard/crtbegin.o
 .text          0x0000000000000000       0x7c c:/st/stm32cubeide_1.7.0/stm32cubeide/plugins/com.st.stm32cube.ide.mcu.externaltools.gnu-tools-for-stm32.9-2020-q2-update.win32_2.0.0.202105311346/tools/bin/../lib/gcc/arm-none-eabi/9.3.1/../../../../arm-none-eabi/lib/thumb/v7e-m+fp/hard/crt0.o
 .data          0x0000000000000000        0x0 c:/st/stm32cubeide_1.7.0/stm32cubeide/plugins/com.st.stm32cube.ide.mcu.externaltools.gnu-tools-for-stm32.9-2020-q2-update.win32_2.0.0.202105311346/tools/bin/../lib/gcc/arm-none-eabi/9.3.1/../../../../arm-none-eabi/lib/thumb/v7e-m+fp/hard/crt0.o
 .bss           0x0000000000000000        0x0 c:/st/stm32cubeide_1.7.0/stm32cubeide/plugins/com.st.stm32cube.ide.mcu.externaltools.gnu-tools-for-stm32.9-2020-q2-update.win32_2.0.0.202105311346/tools/bin/../lib/gcc/arm-none-eabi/9.3.1/../../../../arm-none-eabi/lib/thumb/v7e-m+fp/hard/crt0.o
 .ARM.extab     0x0000000000000000        0x0 c:/st/stm32cubeide_1.7.0/stm32cubeide/plugins/com.st.stm32cube.ide.mcu.externaltools.gnu-tools-for-stm32.9-2020-q2-update.win32_2.0.0.202105311346/tools/bin/../lib/gcc/arm-none-eabi/9.3.1/../../../../arm-none-eabi/lib/thumb/v7e-m+fp/hard/crt0.o
 .ARM.exidx     0x0000000000000000       0x10 c:/st/stm32cubeide_1.7.0/stm32cubeide/plugins/com.st.stm32cube.ide.mcu.externaltools.gnu-tools-for-stm32.9-2020-q2-update.win32_2.0.0.202105311346/tools/bin/../lib/gcc/arm-none-eabi/9.3.1/../../../../arm-none-eabi/lib/thumb/v7e-m+fp/hard/crt0.o
 .ARM.attributes
                0x0000000000000000       0x1c c:/st/stm32cubeide_1.7.0/stm32cubeide/plugins/com.st.stm32cube.ide.mcu.externaltools.gnu-tools-for-stm32.9-2020-q2-update.win32_2.0.0.202105311346/tools/bin/../lib/gcc/arm-none-eabi/9.3.1/../../../../arm-none-eabi/lib/thumb/v7e-m+fp/hard/crt0.o
 .group         0x0000000000000000        0xc ./Src/bai5.o
 .group         0x0000000000000000        0xc ./Src/bai5.o
 .group         0x0000000000000000        0xc ./Src/bai5.o
 .group         0x0000000000000000        0xc ./Src/bai5.o
 .group         0x0000000000000000        0xc ./Src/bai5.o
 .group         0x0000000000000000        0xc ./Src/bai5.o
 .group         0x0000000000000000        0xc ./Src/bai5.o
 .group         0x0000000000000000        0xc ./Src/bai5.o
 .group         0x0000000000000000        0xc ./Src/bai5.o
 .group         0x0000000000000000        0xc ./Src/bai5.o
 .group         0x0000000000000000        0xc ./Src/bai5.o
 .group         0x0000000000000000        0xc ./Src/bai5.o
 .group         0x0000000000000000        0xc ./Src/bai5.o
 .group         0x0000000000000000        0xc ./Src/bai5.o
 .group         0x0000000000000000        0xc ./Src/bai5.o
 .text          0x0000000000000000        0x0 ./Src/bai5.o
 .data          0x0000000000000000        0x0 ./Src/bai5.o
 .bss           0x0000000000000000        0x0 ./Src/bai5.o
 .text.Beep_Once
                0x0000000000000000       0x30 ./Src/bai5.o
 .group         0x0000000000000000        0xc ./Src/syscalls.o
 .group         0x0000000000000000        0xc ./Src/syscalls.o
 .group         0x0000000000000000        0xc ./Src/syscalls.o
 .group         0x0000000000000000        0xc ./Src/syscalls.o
 .group         0x0000000000000000        0xc ./Src/syscalls.o
 .group         0x0000000000000000        0xc ./Src/syscalls.o
 .group         0x0000000000000000        0xc ./Src/syscalls.o
 .group         0x0000000000000000        0xc ./Src/syscalls.o
 .group         0x0000000000000000        0xc ./Src/syscalls.o
 .group         0x0000000000000000        0xc ./Src/syscalls.o
 .group         0x0000000000000000        0xc ./Src/syscalls.o
 .group         0x0000000000000000        0xc ./Src/syscalls.o
 .group         0x0000000000000000        0xc ./Src/syscalls.o
 .group         0x0000000000000000        0xc ./Src/syscalls.o
 .group         0x0000000000000000        0xc ./Src/syscalls.o
 .group         0x0000000000000000        0xc ./Src/syscalls.o
 .group         0x0000000000000000        0xc ./Src/syscalls.o
 .group         0x0000000000000000        0xc ./Src/syscalls.o
 .group         0x0000000000000000        0xc ./Src/syscalls.o
 .group         0x0000000000000000        0xc ./Src/syscalls.o
 .group         0x0000000000000000        0xc ./Src/syscalls.o
 .group         0x0000000000000000        0xc ./Src/syscalls.o
 .group         0x0000000000000000        0xc ./Src/syscalls.o
 .group         0x0000000000000000        0xc ./Src/syscalls.o
 .group         0x0000000000000000        0xc ./Src/syscalls.o
 .group         0x0000000000000000        0xc ./Src/syscalls.o
 .group         0x0000000000000000        0xc ./Src/syscalls.o
 .group         0x0000000000000000        0xc ./Src/syscalls.o
 .group         0x0000000000000000        0xc ./Src/syscalls.o
 .group         0x0000000000000000        0xc ./Src/syscalls.o
 .group         0x0000000000000000        0xc ./Src/syscalls.o
 .group         0x0000000000000000        0xc ./Src/syscalls.o
 .group         0x0000000000000000        0xc ./Src/syscalls.o
 .group         0x0000000000000000        0xc ./Src/syscalls.o
 .group         0x0000000000000000        0xc ./Src/syscalls.o
 .group         0x0000000000000000        0xc ./Src/syscalls.o
 .group         0x0000000000000000        0xc ./Src/syscalls.o
 .group         0x0000000000000000        0xc ./Src/syscalls.o
 .group         0x0000000000000000        0xc ./Src/syscalls.o
 .group         0x0000000000000000        0xc ./Src/syscalls.o
 .group         0x0000000000000000        0xc ./Src/syscalls.o
 .group         0x0000000000000000        0xc ./Src/syscalls.o
 .group         0x0000000000000000        0xc ./Src/syscalls.o
 .group         0x0000000000000000        0xc ./Src/syscalls.o
 .group         0x0000000000000000        0xc ./Src/syscalls.o
 .group         0x0000000000000000        0xc ./Src/syscalls.o
 .group         0x0000000000000000        0xc ./Src/syscalls.o
 .text          0x0000000000000000        0x0 ./Src/syscalls.o
 .data          0x0000000000000000        0x0 ./Src/syscalls.o
 .bss           0x0000000000000000        0x0 ./Src/syscalls.o
 .bss.__env     0x0000000000000000        0x4 ./Src/syscalls.o
 .data.environ  0x0000000000000000        0x4 ./Src/syscalls.o
 .text.initialise_monitor_handles
                0x0000000000000000        0xe ./Src/syscalls.o
 .text._getpid  0x0000000000000000       0x10 ./Src/syscalls.o
 .text._kill    0x0000000000000000       0x20 ./Src/syscalls.o
 .text._exit    0x0000000000000000       0x14 ./Src/syscalls.o
 .text._read    0x0000000000000000       0x3a ./Src/syscalls.o
 .text._write   0x0000000000000000       0x38 ./Src/syscalls.o
 .text._close   0x0000000000000000       0x18 ./Src/syscalls.o
 .text._fstat   0x0000000000000000       0x20 ./Src/syscalls.o
 .text._isatty  0x0000000000000000       0x16 ./Src/syscalls.o
 .text._lseek   0x0000000000000000       0x1a ./Src/syscalls.o
 .text._open    0x0000000000000000       0x1c ./Src/syscalls.o
 .text._wait    0x0000000000000000       0x1e ./Src/syscalls.o
 .text._unlink  0x0000000000000000       0x1e ./Src/syscalls.o
 .text._times   0x0000000000000000       0x18 ./Src/syscalls.o
 .text._stat    0x0000000000000000       0x20 ./Src/syscalls.o
 .text._link    0x0000000000000000       0x20 ./Src/syscalls.o
 .text._fork    0x0000000000000000       0x16 ./Src/syscalls.o
 .text._execve  0x0000000000000000       0x22 ./Src/syscalls.o
 .debug_info    0x0000000000000000      0xfa8 ./Src/syscalls.o
 .debug_abbrev  0x0000000000000000      0x286 ./Src/syscalls.o
 .debug_aranges
                0x0000000000000000       0xa8 ./Src/syscalls.o
 .debug_ranges  0x0000000000000000       0x98 ./Src/syscalls.o
 .debug_macro   0x0000000000000000      0x24c ./Src/syscalls.o
 .debug_macro   0x0000000000000000      0xab4 ./Src/syscalls.o
 .debug_macro   0x0000000000000000       0x22 ./Src/syscalls.o
 .debug_macro   0x0000000000000000       0x4c ./Src/syscalls.o
 .debug_macro   0x0000000000000000       0x18 ./Src/syscalls.o
 .debug_macro   0x0000000000000000       0x94 ./Src/syscalls.o
 .debug_macro   0x0000000000000000       0x3c ./Src/syscalls.o
 .debug_macro   0x0000000000000000       0x34 ./Src/syscalls.o
 .debug_macro   0x0000000000000000       0x57 ./Src/syscalls.o
 .debug_macro   0x0000000000000000      0x174 ./Src/syscalls.o
 .debug_macro   0x0000000000000000      0x339 ./Src/syscalls.o
 .debug_macro   0x0000000000000000       0x16 ./Src/syscalls.o
 .debug_macro   0x0000000000000000       0x43 ./Src/syscalls.o
 .debug_macro   0x0000000000000000       0x34 ./Src/syscalls.o
 .debug_macro   0x0000000000000000       0x10 ./Src/syscalls.o
 .debug_macro   0x0000000000000000       0x58 ./Src/syscalls.o
 .debug_macro   0x0000000000000000       0x71 ./Src/syscalls.o
 .debug_macro   0x0000000000000000       0x1c ./Src/syscalls.o
 .debug_macro   0x0000000000000000      0x12a ./Src/syscalls.o
 .debug_macro   0x0000000000000000       0x10 ./Src/syscalls.o
 .debug_macro   0x0000000000000000       0x35 ./Src/syscalls.o
 .debug_macro   0x0000000000000000       0x10 ./Src/syscalls.o
 .debug_macro   0x0000000000000000       0x10 ./Src/syscalls.o
 .debug_macro   0x0000000000000000       0x10 ./Src/syscalls.o
 .debug_macro   0x0000000000000000       0x6a ./Src/syscalls.o
 .debug_macro   0x0000000000000000       0x1c ./Src/syscalls.o
 .debug_macro   0x0000000000000000       0x52 ./Src/syscalls.o
 .debug_macro   0x0000000000000000       0x22 ./Src/syscalls.o
 .debug_macro   0x0000000000000000       0x10 ./Src/syscalls.o
 .debug_macro   0x0000000000000000       0x40 ./Src/syscalls.o
 .debug_macro   0x0000000000000000       0xd5 ./Src/syscalls.o
 .debug_macro   0x0000000000000000       0x1c ./Src/syscalls.o
 .debug_macro   0x0000000000000000       0x3d ./Src/syscalls.o
 .debug_macro   0x0000000000000000       0x35 ./Src/syscalls.o
 .debug_macro   0x0000000000000000      0x12c ./Src/syscalls.o
 .debug_macro   0x0000000000000000       0x16 ./Src/syscalls.o
 .debug_macro   0x0000000000000000       0x16 ./Src/syscalls.o
 .debug_macro   0x0000000000000000       0x29 ./Src/syscalls.o
 .debug_macro   0x0000000000000000       0x10 ./Src/syscalls.o
 .debug_macro   0x0000000000000000      0x241 ./Src/syscalls.o
 .debug_macro   0x0000000000000000       0x1c ./Src/syscalls.o
 .debug_macro   0x0000000000000000       0x10 ./Src/syscalls.o
 .debug_macro   0x0000000000000000       0x10 ./Src/syscalls.o
 .debug_macro   0x0000000000000000       0x16 ./Src/syscalls.o
 .debug_macro   0x0000000000000000      0x145 ./Src/syscalls.o
 .debug_macro   0x0000000000000000      0x189 ./Src/syscalls.o
 .debug_macro   0x0000000000000000       0x16 ./Src/syscalls.o
 .debug_macro   0x0000000000000000       0xce ./Src/syscalls.o
 .debug_line    0x0000000000000000      0x7fd ./Src/syscalls.o
 .debug_str     0x0000000000000000     0x8ee0 ./Src/syscalls.o
 .comment       0x0000000000000000       0x54 ./Src/syscalls.o
 .debug_frame   0x0000000000000000      0x2ac ./Src/syscalls.o
 .ARM.attributes
                0x0000000000000000       0x34 ./Src/syscalls.o
 .group         0x0000000000000000        0xc ./Src/sysmem.o
 .group         0x0000000000000000        0xc ./Src/sysmem.o
 .group         0x0000000000000000        0xc ./Src/sysmem.o
 .group         0x0000000000000000        0xc ./Src/sysmem.o
 .group         0x0000000000000000        0xc ./Src/sysmem.o
 .group         0x0000000000000000        0xc ./Src/sysmem.o
 .group         0x0000000000000000        0xc ./Src/sysmem.o
 .group         0x0000000000000000        0xc ./Src/sysmem.o
 .group         0x0000000000000000        0xc ./Src/sysmem.o
 .group         0x0000000000000000        0xc ./Src/sysmem.o
 .group         0x0000000000000000        0xc ./Src/sysmem.o
 .group         0x0000000000000000        0xc ./Src/sysmem.o
 .group         0x0000000000000000        0xc ./Src/sysmem.o
 .group         0x0000000000000000        0xc ./Src/sysmem.o
 .group         0x0000000000000000        0xc ./Src/sysmem.o
 .group         0x0000000000000000        0xc ./Src/sysmem.o
 .group         0x0000000000000000        0xc ./Src/sysmem.o
 .group         0x0000000000000000        0xc ./Src/sysmem.o
 .group         0x0000000000000000        0xc ./Src/sysmem.o
 .group         0x0000000000000000        0xc ./Src/sysmem.o
 .group         0x0000000000000000        0xc ./Src/sysmem.o
 .group         0x0000000000000000        0xc ./Src/sysmem.o
 .text          0x0000000000000000        0x0 ./Src/sysmem.o
 .data          0x0000000000000000        0x0 ./Src/sysmem.o
 .bss           0x0000000000000000        0x0 ./Src/sysmem.o
 .bss.__sbrk_heap_end
                0x0000000000000000        0x4 ./Src/sysmem.o
 .text._sbrk    0x0000000000000000       0x6c ./Src/sysmem.o
 .debug_info    0x0000000000000000      0xa25 ./Src/sysmem.o
 .debug_abbrev  0x0000000000000000      0x1bf ./Src/sysmem.o
 .debug_aranges
                0x0000000000000000       0x20 ./Src/sysmem.o
 .debug_ranges  0x0000000000000000       0x10 ./Src/sysmem.o
 .debug_macro   0x0000000000000000       0xff ./Src/sysmem.o
 .debug_macro   0x0000000000000000      0xab4 ./Src/sysmem.o
 .debug_macro   0x0000000000000000       0x10 ./Src/sysmem.o
 .debug_macro   0x0000000000000000       0x22 ./Src/sysmem.o
 .debug_macro   0x0000000000000000       0x4c ./Src/sysmem.o
 .debug_macro   0x0000000000000000       0x18 ./Src/sysmem.o
 .debug_macro   0x0000000000000000       0x94 ./Src/sysmem.o
 .debug_macro   0x0000000000000000       0x3c ./Src/sysmem.o
 .debug_macro   0x0000000000000000       0x34 ./Src/sysmem.o
 .debug_macro   0x0000000000000000      0x174 ./Src/sysmem.o
 .debug_macro   0x0000000000000000       0x16 ./Src/sysmem.o
 .debug_macro   0x0000000000000000       0x43 ./Src/sysmem.o
 .debug_macro   0x0000000000000000       0x57 ./Src/sysmem.o
 .debug_macro   0x0000000000000000       0x34 ./Src/sysmem.o
 .debug_macro   0x0000000000000000       0x10 ./Src/sysmem.o
 .debug_macro   0x0000000000000000       0x58 ./Src/sysmem.o
 .debug_macro   0x0000000000000000       0x71 ./Src/sysmem.o
 .debug_macro   0x0000000000000000       0x1c ./Src/sysmem.o
 .debug_macro   0x0000000000000000      0x12a ./Src/sysmem.o
 .debug_macro   0x0000000000000000      0x23b ./Src/sysmem.o
 .debug_macro   0x0000000000000000      0x103 ./Src/sysmem.o
 .debug_macro   0x0000000000000000       0x6a ./Src/sysmem.o
 .debug_macro   0x0000000000000000      0x1df ./Src/sysmem.o
 .debug_line    0x0000000000000000      0x4f3 ./Src/sysmem.o
 .debug_str     0x0000000000000000     0x62b3 ./Src/sysmem.o
 .comment       0x0000000000000000       0x54 ./Src/sysmem.o
 .debug_frame   0x0000000000000000       0x34 ./Src/sysmem.o
 .ARM.attributes
                0x0000000000000000       0x34 ./Src/sysmem.o
 .text          0x0000000000000000       0x14 ./Startup/startup_stm32f401retx.o
 .data          0x0000000000000000        0x0 ./Startup/startup_stm32f401retx.o
 .bss           0x0000000000000000        0x0 ./Startup/startup_stm32f401retx.o
 .group         0x0000000000000000        0xc C:\Users\Thanh Nam\Downloads\SDK_1.0.3_NUCLEO-F401RE\SDK_1.0.3_NUCLEO-F401RE\lib_stm\libLibraries.a(stm32f401re_gpio.o)
 .group         0x0000000000000000        0xc C:\Users\Thanh Nam\Downloads\SDK_1.0.3_NUCLEO-F401RE\SDK_1.0.3_NUCLEO-F401RE\lib_stm\libLibraries.a(stm32f401re_gpio.o)
 .group         0x0000000000000000        0xc C:\Users\Thanh Nam\Downloads\SDK_1.0.3_NUCLEO-F401RE\SDK_1.0.3_NUCLEO-F401RE\lib_stm\libLibraries.a(stm32f401re_gpio.o)
 .group         0x0000000000000000        0xc C:\Users\Thanh Nam\Downloads\SDK_1.0.3_NUCLEO-F401RE\SDK_1.0.3_NUCLEO-F401RE\lib_stm\libLibraries.a(stm32f401re_gpio.o)
 .group         0x0000000000000000        0xc C:\Users\Thanh Nam\Downloads\SDK_1.0.3_NUCLEO-F401RE\SDK_1.0.3_NUCLEO-F401RE\lib_stm\libLibraries.a(stm32f401re_gpio.o)
 .group         0x0000000000000000        0xc C:\Users\Thanh Nam\Downloads\SDK_1.0.3_NUCLEO-F401RE\SDK_1.0.3_NUCLEO-F401RE\lib_stm\libLibraries.a(stm32f401re_gpio.o)
 .group         0x0000000000000000        0xc C:\Users\Thanh Nam\Downloads\SDK_1.0.3_NUCLEO-F401RE\SDK_1.0.3_NUCLEO-F401RE\lib_stm\libLibraries.a(stm32f401re_gpio.o)
 .group         0x0000000000000000        0xc C:\Users\Thanh Nam\Downloads\SDK_1.0.3_NUCLEO-F401RE\SDK_1.0.3_NUCLEO-F401RE\lib_stm\libLibraries.a(stm32f401re_gpio.o)
 .group         0x0000000000000000        0xc C:\Users\Thanh Nam\Downloads\SDK_1.0.3_NUCLEO-F401RE\SDK_1.0.3_NUCLEO-F401RE\lib_stm\libLibraries.a(stm32f401re_gpio.o)
 .group         0x0000000000000000        0xc C:\Users\Thanh Nam\Downloads\SDK_1.0.3_NUCLEO-F401RE\SDK_1.0.3_NUCLEO-F401RE\lib_stm\libLibraries.a(stm32f401re_gpio.o)
 .group         0x0000000000000000        0xc C:\Users\Thanh Nam\Downloads\SDK_1.0.3_NUCLEO-F401RE\SDK_1.0.3_NUCLEO-F401RE\lib_stm\libLibraries.a(stm32f401re_gpio.o)
 .group         0x0000000000000000        0xc C:\Users\Thanh Nam\Downloads\SDK_1.0.3_NUCLEO-F401RE\SDK_1.0.3_NUCLEO-F401RE\lib_stm\libLibraries.a(stm32f401re_gpio.o)
 .group         0x0000000000000000        0xc C:\Users\Thanh Nam\Downloads\SDK_1.0.3_NUCLEO-F401RE\SDK_1.0.3_NUCLEO-F401RE\lib_stm\libLibraries.a(stm32f401re_gpio.o)
 .group         0x0000000000000000        0xc C:\Users\Thanh Nam\Downloads\SDK_1.0.3_NUCLEO-F401RE\SDK_1.0.3_NUCLEO-F401RE\lib_stm\libLibraries.a(stm32f401re_gpio.o)
 .group         0x0000000000000000        0xc C:\Users\Thanh Nam\Downloads\SDK_1.0.3_NUCLEO-F401RE\SDK_1.0.3_NUCLEO-F401RE\lib_stm\libLibraries.a(stm32f401re_gpio.o)
 .text          0x0000000000000000        0x0 C:\Users\Thanh Nam\Downloads\SDK_1.0.3_NUCLEO-F401RE\SDK_1.0.3_NUCLEO-F401RE\lib_stm\libLibraries.a(stm32f401re_gpio.o)
 .data          0x0000000000000000        0x0 C:\Users\Thanh Nam\Downloads\SDK_1.0.3_NUCLEO-F401RE\SDK_1.0.3_NUCLEO-F401RE\lib_stm\libLibraries.a(stm32f401re_gpio.o)
 .bss           0x0000000000000000        0x0 C:\Users\Thanh Nam\Downloads\SDK_1.0.3_NUCLEO-F401RE\SDK_1.0.3_NUCLEO-F401RE\lib_stm\libLibraries.a(stm32f401re_gpio.o)
 .text.GPIO_DeInit
                0x0000000000000000      0x164 C:\Users\Thanh Nam\Downloads\SDK_1.0.3_NUCLEO-F401RE\SDK_1.0.3_NUCLEO-F401RE\lib_stm\libLibraries.a(stm32f401re_gpio.o)
 .text.GPIO_StructInit
                0x0000000000000000       0x34 C:\Users\Thanh Nam\Downloads\SDK_1.0.3_NUCLEO-F401RE\SDK_1.0.3_NUCLEO-F401RE\lib_stm\libLibraries.a(stm32f401re_gpio.o)
 .text.GPIO_PinLockConfig
                0x0000000000000000       0x44 C:\Users\Thanh Nam\Downloads\SDK_1.0.3_NUCLEO-F401RE\SDK_1.0.3_NUCLEO-F401RE\lib_stm\libLibraries.a(stm32f401re_gpio.o)
 .text.GPIO_ReadInputDataBit
                0x0000000000000000       0x34 C:\Users\Thanh Nam\Downloads\SDK_1.0.3_NUCLEO-F401RE\SDK_1.0.3_NUCLEO-F401RE\lib_stm\libLibraries.a(stm32f401re_gpio.o)
 .text.GPIO_ReadInputData
                0x0000000000000000       0x1a C:\Users\Thanh Nam\Downloads\SDK_1.0.3_NUCLEO-F401RE\SDK_1.0.3_NUCLEO-F401RE\lib_stm\libLibraries.a(stm32f401re_gpio.o)
 .text.GPIO_ReadOutputDataBit
                0x0000000000000000       0x34 C:\Users\Thanh Nam\Downloads\SDK_1.0.3_NUCLEO-F401RE\SDK_1.0.3_NUCLEO-F401RE\lib_stm\libLibraries.a(stm32f401re_gpio.o)
 .text.GPIO_ReadOutputData
                0x0000000000000000       0x1a C:\Users\Thanh Nam\Downloads\SDK_1.0.3_NUCLEO-F401RE\SDK_1.0.3_NUCLEO-F401RE\lib_stm\libLibraries.a(stm32f401re_gpio.o)
 .text.GPIO_SetBits
                0x0000000000000000       0x1e C:\Users\Thanh Nam\Downloads\SDK_1.0.3_NUCLEO-F401RE\SDK_1.0.3_NUCLEO-F401RE\lib_stm\libLibraries.a(stm32f401re_gpio.o)
 .text.GPIO_ResetBits
                0x0000000000000000       0x1e C:\Users\Thanh Nam\Downloads\SDK_1.0.3_NUCLEO-F401RE\SDK_1.0.3_NUCLEO-F401RE\lib_stm\libLibraries.a(stm32f401re_gpio.o)
 .text.GPIO_WriteBit
                0x0000000000000000       0x30 C:\Users\Thanh Nam\Downloads\SDK_1.0.3_NUCLEO-F401RE\SDK_1.0.3_NUCLEO-F401RE\lib_stm\libLibraries.a(stm32f401re_gpio.o)
 .text.GPIO_Write
                0x0000000000000000       0x1e C:\Users\Thanh Nam\Downloads\SDK_1.0.3_NUCLEO-F401RE\SDK_1.0.3_NUCLEO-F401RE\lib_stm\libLibraries.a(stm32f401re_gpio.o)
 .text.GPIO_ToggleBits
                0x0000000000000000       0x24 C:\Users\Thanh Nam\Downloads\SDK_1.0.3_NUCLEO-F401RE\SDK_1.0.3_NUCLEO-F401RE\lib_stm\libLibraries.a(stm32f401re_gpio.o)
 .text.GPIO_PinAFConfig
                0x0000000000000000       0x92 C:\Users\Thanh Nam\Downloads\SDK_1.0.3_NUCLEO-F401RE\SDK_1.0.3_NUCLEO-F401RE\lib_stm\libLibraries.a(stm32f401re_gpio.o)
 .debug_macro   0x0000000000000000       0x6b C:\Users\Thanh Nam\Downloads\SDK_1.0.3_NUCLEO-F401RE\SDK_1.0.3_NUCLEO-F401RE\lib_stm\libLibraries.a(stm32f401re_gpio.o)
 .debug_macro   0x0000000000000000       0x3b C:\Users\Thanh Nam\Downloads\SDK_1.0.3_NUCLEO-F401RE\SDK_1.0.3_NUCLEO-F401RE\lib_stm\libLibraries.a(stm32f401re_gpio.o)
 .debug_macro   0x0000000000000000       0x8e C:\Users\Thanh Nam\Downloads\SDK_1.0.3_NUCLEO-F401RE\SDK_1.0.3_NUCLEO-F401RE\lib_stm\libLibraries.a(stm32f401re_gpio.o)
 .debug_macro   0x0000000000000000       0x51 C:\Users\Thanh Nam\Downloads\SDK_1.0.3_NUCLEO-F401RE\SDK_1.0.3_NUCLEO-F401RE\lib_stm\libLibraries.a(stm32f401re_gpio.o)
 .debug_macro   0x0000000000000000       0x6a C:\Users\Thanh Nam\Downloads\SDK_1.0.3_NUCLEO-F401RE\SDK_1.0.3_NUCLEO-F401RE\lib_stm\libLibraries.a(stm32f401re_gpio.o)
 .debug_macro   0x0000000000000000      0x1df C:\Users\Thanh Nam\Downloads\SDK_1.0.3_NUCLEO-F401RE\SDK_1.0.3_NUCLEO-F401RE\lib_stm\libLibraries.a(stm32f401re_gpio.o)
 .debug_macro   0x0000000000000000       0x34 C:\Users\Thanh Nam\Downloads\SDK_1.0.3_NUCLEO-F401RE\SDK_1.0.3_NUCLEO-F401RE\lib_stm\libLibraries.a(stm32f401re_gpio.o)
 .debug_macro   0x0000000000000000       0x26 C:\Users\Thanh Nam\Downloads\SDK_1.0.3_NUCLEO-F401RE\SDK_1.0.3_NUCLEO-F401RE\lib_stm\libLibraries.a(stm32f401re_gpio.o)
 .debug_macro   0x0000000000000000      0xe43 C:\Users\Thanh Nam\Downloads\SDK_1.0.3_NUCLEO-F401RE\SDK_1.0.3_NUCLEO-F401RE\lib_stm\libLibraries.a(stm32f401re_gpio.o)
 .debug_macro   0x0000000000000000     0x8018 C:\Users\Thanh Nam\Downloads\SDK_1.0.3_NUCLEO-F401RE\SDK_1.0.3_NUCLEO-F401RE\lib_stm\libLibraries.a(stm32f401re_gpio.o)
 .debug_macro   0x0000000000000000      0x2ee C:\Users\Thanh Nam\Downloads\SDK_1.0.3_NUCLEO-F401RE\SDK_1.0.3_NUCLEO-F401RE\lib_stm\libLibraries.a(stm32f401re_gpio.o)
 .debug_macro   0x0000000000000000      0x64a C:\Users\Thanh Nam\Downloads\SDK_1.0.3_NUCLEO-F401RE\SDK_1.0.3_NUCLEO-F401RE\lib_stm\libLibraries.a(stm32f401re_gpio.o)
 .group         0x0000000000000000        0xc C:\Users\Thanh Nam\Downloads\SDK_1.0.3_NUCLEO-F401RE\SDK_1.0.3_NUCLEO-F401RE\lib_stm\libLibraries.a(stm32f401re_rcc.o)
 .group         0x0000000000000000        0xc C:\Users\Thanh Nam\Downloads\SDK_1.0.3_NUCLEO-F401RE\SDK_1.0.3_NUCLEO-F401RE\lib_stm\libLibraries.a(stm32f401re_rcc.o)
 .group         0x0000000000000000        0xc C:\Users\Thanh Nam\Downloads\SDK_1.0.3_NUCLEO-F401RE\SDK_1.0.3_NUCLEO-F401RE\lib_stm\libLibraries.a(stm32f401re_rcc.o)
 .group         0x0000000000000000        0xc C:\Users\Thanh Nam\Downloads\SDK_1.0.3_NUCLEO-F401RE\SDK_1.0.3_NUCLEO-F401RE\lib_stm\libLibraries.a(stm32f401re_rcc.o)
 .group         0x0000000000000000        0xc C:\Users\Thanh Nam\Downloads\SDK_1.0.3_NUCLEO-F401RE\SDK_1.0.3_NUCLEO-F401RE\lib_stm\libLibraries.a(stm32f401re_rcc.o)
 .group         0x0000000000000000        0xc C:\Users\Thanh Nam\Downloads\SDK_1.0.3_NUCLEO-F401RE\SDK_1.0.3_NUCLEO-F401RE\lib_stm\libLibraries.a(stm32f401re_rcc.o)
 .group         0x0000000000000000        0xc C:\Users\Thanh Nam\Downloads\SDK_1.0.3_NUCLEO-F401RE\SDK_1.0.3_NUCLEO-F401RE\lib_stm\libLibraries.a(stm32f401re_rcc.o)
 .group         0x0000000000000000        0xc C:\Users\Thanh Nam\Downloads\SDK_1.0.3_NUCLEO-F401RE\SDK_1.0.3_NUCLEO-F401RE\lib_stm\libLibraries.a(stm32f401re_rcc.o)
 .group         0x0000000000000000        0xc C:\Users\Thanh Nam\Downloads\SDK_1.0.3_NUCLEO-F401RE\SDK_1.0.3_NUCLEO-F401RE\lib_stm\libLibraries.a(stm32f401re_rcc.o)
 .group         0x0000000000000000        0xc C:\Users\Thanh Nam\Downloads\SDK_1.0.3_NUCLEO-F401RE\SDK_1.0.3_NUCLEO-F401RE\lib_stm\libLibraries.a(stm32f401re_rcc.o)
 .group         0x0000000000000000        0xc C:\Users\Thanh Nam\Downloads\SDK_1.0.3_NUCLEO-F401RE\SDK_1.0.3_NUCLEO-F401RE\lib_stm\libLibraries.a(stm32f401re_rcc.o)
 .group         0x0000000000000000        0xc C:\Users\Thanh Nam\Downloads\SDK_1.0.3_NUCLEO-F401RE\SDK_1.0.3_NUCLEO-F401RE\lib_stm\libLibraries.a(stm32f401re_rcc.o)
 .group         0x0000000000000000        0xc C:\Users\Thanh Nam\Downloads\SDK_1.0.3_NUCLEO-F401RE\SDK_1.0.3_NUCLEO-F401RE\lib_stm\libLibraries.a(stm32f401re_rcc.o)
 .group         0x0000000000000000        0xc C:\Users\Thanh Nam\Downloads\SDK_1.0.3_NUCLEO-F401RE\SDK_1.0.3_NUCLEO-F401RE\lib_stm\libLibraries.a(stm32f401re_rcc.o)
 .text          0x0000000000000000        0x0 C:\Users\Thanh Nam\Downloads\SDK_1.0.3_NUCLEO-F401RE\SDK_1.0.3_NUCLEO-F401RE\lib_stm\libLibraries.a(stm32f401re_rcc.o)
 .data          0x0000000000000000        0x0 C:\Users\Thanh Nam\Downloads\SDK_1.0.3_NUCLEO-F401RE\SDK_1.0.3_NUCLEO-F401RE\lib_stm\libLibraries.a(stm32f401re_rcc.o)
 .bss           0x0000000000000000        0x0 C:\Users\Thanh Nam\Downloads\SDK_1.0.3_NUCLEO-F401RE\SDK_1.0.3_NUCLEO-F401RE\lib_stm\libLibraries.a(stm32f401re_rcc.o)
 .data.APBAHBPrescTable
                0x0000000000000000       0x10 C:\Users\Thanh Nam\Downloads\SDK_1.0.3_NUCLEO-F401RE\SDK_1.0.3_NUCLEO-F401RE\lib_stm\libLibraries.a(stm32f401re_rcc.o)
 .text.RCC_DeInit
                0x0000000000000000       0x64 C:\Users\Thanh Nam\Downloads\SDK_1.0.3_NUCLEO-F401RE\SDK_1.0.3_NUCLEO-F401RE\lib_stm\libLibraries.a(stm32f401re_rcc.o)
 .text.RCC_HSEConfig
                0x0000000000000000       0x28 C:\Users\Thanh Nam\Downloads\SDK_1.0.3_NUCLEO-F401RE\SDK_1.0.3_NUCLEO-F401RE\lib_stm\libLibraries.a(stm32f401re_rcc.o)
 .text.RCC_WaitForHSEStartUp
                0x0000000000000000       0x50 C:\Users\Thanh Nam\Downloads\SDK_1.0.3_NUCLEO-F401RE\SDK_1.0.3_NUCLEO-F401RE\lib_stm\libLibraries.a(stm32f401re_rcc.o)
 .text.RCC_AdjustHSICalibrationValue
                0x0000000000000000       0x3c C:\Users\Thanh Nam\Downloads\SDK_1.0.3_NUCLEO-F401RE\SDK_1.0.3_NUCLEO-F401RE\lib_stm\libLibraries.a(stm32f401re_rcc.o)
 .text.RCC_HSICmd
                0x0000000000000000       0x20 C:\Users\Thanh Nam\Downloads\SDK_1.0.3_NUCLEO-F401RE\SDK_1.0.3_NUCLEO-F401RE\lib_stm\libLibraries.a(stm32f401re_rcc.o)
 .text.RCC_LSEConfig
                0x0000000000000000       0x44 C:\Users\Thanh Nam\Downloads\SDK_1.0.3_NUCLEO-F401RE\SDK_1.0.3_NUCLEO-F401RE\lib_stm\libLibraries.a(stm32f401re_rcc.o)
 .text.RCC_LSICmd
                0x0000000000000000       0x20 C:\Users\Thanh Nam\Downloads\SDK_1.0.3_NUCLEO-F401RE\SDK_1.0.3_NUCLEO-F401RE\lib_stm\libLibraries.a(stm32f401re_rcc.o)
 .text.RCC_PLLConfig
                0x0000000000000000       0x40 C:\Users\Thanh Nam\Downloads\SDK_1.0.3_NUCLEO-F401RE\SDK_1.0.3_NUCLEO-F401RE\lib_stm\libLibraries.a(stm32f401re_rcc.o)
 .text.RCC_PLLCmd
                0x0000000000000000       0x20 C:\Users\Thanh Nam\Downloads\SDK_1.0.3_NUCLEO-F401RE\SDK_1.0.3_NUCLEO-F401RE\lib_stm\libLibraries.a(stm32f401re_rcc.o)
 .text.RCC_PLLI2SConfig
                0x0000000000000000       0x2c C:\Users\Thanh Nam\Downloads\SDK_1.0.3_NUCLEO-F401RE\SDK_1.0.3_NUCLEO-F401RE\lib_stm\libLibraries.a(stm32f401re_rcc.o)
 .text.RCC_PLLI2SCmd
                0x0000000000000000       0x20 C:\Users\Thanh Nam\Downloads\SDK_1.0.3_NUCLEO-F401RE\SDK_1.0.3_NUCLEO-F401RE\lib_stm\libLibraries.a(stm32f401re_rcc.o)
 .text.RCC_PLLSAIConfig
                0x0000000000000000       0x34 C:\Users\Thanh Nam\Downloads\SDK_1.0.3_NUCLEO-F401RE\SDK_1.0.3_NUCLEO-F401RE\lib_stm\libLibraries.a(stm32f401re_rcc.o)
 .text.RCC_PLLSAICmd
                0x0000000000000000       0x20 C:\Users\Thanh Nam\Downloads\SDK_1.0.3_NUCLEO-F401RE\SDK_1.0.3_NUCLEO-F401RE\lib_stm\libLibraries.a(stm32f401re_rcc.o)
 .text.RCC_ClockSecuritySystemCmd
                0x0000000000000000       0x20 C:\Users\Thanh Nam\Downloads\SDK_1.0.3_NUCLEO-F401RE\SDK_1.0.3_NUCLEO-F401RE\lib_stm\libLibraries.a(stm32f401re_rcc.o)
 .text.RCC_MCO1Config
                0x0000000000000000       0x40 C:\Users\Thanh Nam\Downloads\SDK_1.0.3_NUCLEO-F401RE\SDK_1.0.3_NUCLEO-F401RE\lib_stm\libLibraries.a(stm32f401re_rcc.o)
 .text.RCC_MCO2Config
                0x0000000000000000       0x40 C:\Users\Thanh Nam\Downloads\SDK_1.0.3_NUCLEO-F401RE\SDK_1.0.3_NUCLEO-F401RE\lib_stm\libLibraries.a(stm32f401re_rcc.o)
 .text.RCC_SYSCLKConfig
                0x0000000000000000       0x38 C:\Users\Thanh Nam\Downloads\SDK_1.0.3_NUCLEO-F401RE\SDK_1.0.3_NUCLEO-F401RE\lib_stm\libLibraries.a(stm32f401re_rcc.o)
 .text.RCC_GetSYSCLKSource
                0x0000000000000000       0x20 C:\Users\Thanh Nam\Downloads\SDK_1.0.3_NUCLEO-F401RE\SDK_1.0.3_NUCLEO-F401RE\lib_stm\libLibraries.a(stm32f401re_rcc.o)
 .text.RCC_HCLKConfig
                0x0000000000000000       0x38 C:\Users\Thanh Nam\Downloads\SDK_1.0.3_NUCLEO-F401RE\SDK_1.0.3_NUCLEO-F401RE\lib_stm\libLibraries.a(stm32f401re_rcc.o)
 .text.RCC_PCLK1Config
                0x0000000000000000       0x38 C:\Users\Thanh Nam\Downloads\SDK_1.0.3_NUCLEO-F401RE\SDK_1.0.3_NUCLEO-F401RE\lib_stm\libLibraries.a(stm32f401re_rcc.o)
 .text.RCC_PCLK2Config
                0x0000000000000000       0x3c C:\Users\Thanh Nam\Downloads\SDK_1.0.3_NUCLEO-F401RE\SDK_1.0.3_NUCLEO-F401RE\lib_stm\libLibraries.a(stm32f401re_rcc.o)
 .text.RCC_GetClocksFreq
                0x0000000000000000      0x150 C:\Users\Thanh Nam\Downloads\SDK_1.0.3_NUCLEO-F401RE\SDK_1.0.3_NUCLEO-F401RE\lib_stm\libLibraries.a(stm32f401re_rcc.o)
 .text.RCC_RTCCLKConfig
                0x0000000000000000       0x5c C:\Users\Thanh Nam\Downloads\SDK_1.0.3_NUCLEO-F401RE\SDK_1.0.3_NUCLEO-F401RE\lib_stm\libLibraries.a(stm32f401re_rcc.o)
 .text.RCC_RTCCLKCmd
                0x0000000000000000       0x20 C:\Users\Thanh Nam\Downloads\SDK_1.0.3_NUCLEO-F401RE\SDK_1.0.3_NUCLEO-F401RE\lib_stm\libLibraries.a(stm32f401re_rcc.o)
 .text.RCC_BackupResetCmd
                0x0000000000000000       0x20 C:\Users\Thanh Nam\Downloads\SDK_1.0.3_NUCLEO-F401RE\SDK_1.0.3_NUCLEO-F401RE\lib_stm\libLibraries.a(stm32f401re_rcc.o)
 .text.RCC_I2SCLKConfig
                0x0000000000000000       0x20 C:\Users\Thanh Nam\Downloads\SDK_1.0.3_NUCLEO-F401RE\SDK_1.0.3_NUCLEO-F401RE\lib_stm\libLibraries.a(stm32f401re_rcc.o)
 .text.RCC_SAIPLLI2SClkDivConfig
                0x0000000000000000       0x40 C:\Users\Thanh Nam\Downloads\SDK_1.0.3_NUCLEO-F401RE\SDK_1.0.3_NUCLEO-F401RE\lib_stm\libLibraries.a(stm32f401re_rcc.o)
 .text.RCC_SAIPLLSAIClkDivConfig
                0x0000000000000000       0x40 C:\Users\Thanh Nam\Downloads\SDK_1.0.3_NUCLEO-F401RE\SDK_1.0.3_NUCLEO-F401RE\lib_stm\libLibraries.a(stm32f401re_rcc.o)
 .text.RCC_LTDCCLKDivConfig
                0x0000000000000000       0x3c C:\Users\Thanh Nam\Downloads\SDK_1.0.3_NUCLEO-F401RE\SDK_1.0.3_NUCLEO-F401RE\lib_stm\libLibraries.a(stm32f401re_rcc.o)
 .text.RCC_TIMCLKPresConfig
                0x0000000000000000       0x20 C:\Users\Thanh Nam\Downloads\SDK_1.0.3_NUCLEO-F401RE\SDK_1.0.3_NUCLEO-F401RE\lib_stm\libLibraries.a(stm32f401re_rcc.o)
 .text.RCC_AHB2PeriphClockCmd
                0x0000000000000000       0x40 C:\Users\Thanh Nam\Downloads\SDK_1.0.3_NUCLEO-F401RE\SDK_1.0.3_NUCLEO-F401RE\lib_stm\libLibraries.a(stm32f401re_rcc.o)
 .text.RCC_APB1PeriphClockCmd
                0x0000000000000000       0x40 C:\Users\Thanh Nam\Downloads\SDK_1.0.3_NUCLEO-F401RE\SDK_1.0.3_NUCLEO-F401RE\lib_stm\libLibraries.a(stm32f401re_rcc.o)
 .text.RCC_APB2PeriphClockCmd
                0x0000000000000000       0x40 C:\Users\Thanh Nam\Downloads\SDK_1.0.3_NUCLEO-F401RE\SDK_1.0.3_NUCLEO-F401RE\lib_stm\libLibraries.a(stm32f401re_rcc.o)
 .text.RCC_AHB1PeriphResetCmd
                0x0000000000000000       0x40 C:\Users\Thanh Nam\Downloads\SDK_1.0.3_NUCLEO-F401RE\SDK_1.0.3_NUCLEO-F401RE\lib_stm\libLibraries.a(stm32f401re_rcc.o)
 .text.RCC_AHB2PeriphResetCmd
                0x0000000000000000       0x40 C:\Users\Thanh Nam\Downloads\SDK_1.0.3_NUCLEO-F401RE\SDK_1.0.3_NUCLEO-F401RE\lib_stm\libLibraries.a(stm32f401re_rcc.o)
 .text.RCC_APB1PeriphResetCmd
                0x0000000000000000       0x40 C:\Users\Thanh Nam\Downloads\SDK_1.0.3_NUCLEO-F401RE\SDK_1.0.3_NUCLEO-F401RE\lib_stm\libLibraries.a(stm32f401re_rcc.o)
 .text.RCC_APB2PeriphResetCmd
                0x0000000000000000       0x40 C:\Users\Thanh Nam\Downloads\SDK_1.0.3_NUCLEO-F401RE\SDK_1.0.3_NUCLEO-F401RE\lib_stm\libLibraries.a(stm32f401re_rcc.o)
 .text.RCC_AHB1PeriphClockLPModeCmd
                0x0000000000000000       0x40 C:\Users\Thanh Nam\Downloads\SDK_1.0.3_NUCLEO-F401RE\SDK_1.0.3_NUCLEO-F401RE\lib_stm\libLibraries.a(stm32f401re_rcc.o)
 .text.RCC_AHB2PeriphClockLPModeCmd
                0x0000000000000000       0x40 C:\Users\Thanh Nam\Downloads\SDK_1.0.3_NUCLEO-F401RE\SDK_1.0.3_NUCLEO-F401RE\lib_stm\libLibraries.a(stm32f401re_rcc.o)
 .text.RCC_APB1PeriphClockLPModeCmd
                0x0000000000000000       0x40 C:\Users\Thanh Nam\Downloads\SDK_1.0.3_NUCLEO-F401RE\SDK_1.0.3_NUCLEO-F401RE\lib_stm\libLibraries.a(stm32f401re_rcc.o)
 .text.RCC_APB2PeriphClockLPModeCmd
                0x0000000000000000       0x40 C:\Users\Thanh Nam\Downloads\SDK_1.0.3_NUCLEO-F401RE\SDK_1.0.3_NUCLEO-F401RE\lib_stm\libLibraries.a(stm32f401re_rcc.o)
 .text.RCC_LSEModeConfig
                0x0000000000000000       0x3c C:\Users\Thanh Nam\Downloads\SDK_1.0.3_NUCLEO-F401RE\SDK_1.0.3_NUCLEO-F401RE\lib_stm\libLibraries.a(stm32f401re_rcc.o)
 .text.RCC_ITConfig
                0x0000000000000000       0x4c C:\Users\Thanh Nam\Downloads\SDK_1.0.3_NUCLEO-F401RE\SDK_1.0.3_NUCLEO-F401RE\lib_stm\libLibraries.a(stm32f401re_rcc.o)
 .text.RCC_GetFlagStatus
                0x0000000000000000       0x74 C:\Users\Thanh Nam\Downloads\SDK_1.0.3_NUCLEO-F401RE\SDK_1.0.3_NUCLEO-F401RE\lib_stm\libLibraries.a(stm32f401re_rcc.o)
 .text.RCC_ClearFlag
                0x0000000000000000       0x20 C:\Users\Thanh Nam\Downloads\SDK_1.0.3_NUCLEO-F401RE\SDK_1.0.3_NUCLEO-F401RE\lib_stm\libLibraries.a(stm32f401re_rcc.o)
 .text.RCC_GetITStatus
                0x0000000000000000       0x38 C:\Users\Thanh Nam\Downloads\SDK_1.0.3_NUCLEO-F401RE\SDK_1.0.3_NUCLEO-F401RE\lib_stm\libLibraries.a(stm32f401re_rcc.o)
 .text.RCC_ClearITPendingBit
                0x0000000000000000       0x20 C:\Users\Thanh Nam\Downloads\SDK_1.0.3_NUCLEO-F401RE\SDK_1.0.3_NUCLEO-F401RE\lib_stm\libLibraries.a(stm32f401re_rcc.o)
 .debug_macro   0x0000000000000000      0xa66 C:\Users\Thanh Nam\Downloads\SDK_1.0.3_NUCLEO-F401RE\SDK_1.0.3_NUCLEO-F401RE\lib_stm\libLibraries.a(stm32f401re_rcc.o)
 .debug_macro   0x0000000000000000       0x6b C:\Users\Thanh Nam\Downloads\SDK_1.0.3_NUCLEO-F401RE\SDK_1.0.3_NUCLEO-F401RE\lib_stm\libLibraries.a(stm32f401re_rcc.o)
 .debug_macro   0x0000000000000000       0x3b C:\Users\Thanh Nam\Downloads\SDK_1.0.3_NUCLEO-F401RE\SDK_1.0.3_NUCLEO-F401RE\lib_stm\libLibraries.a(stm32f401re_rcc.o)
 .debug_macro   0x0000000000000000       0x22 C:\Users\Thanh Nam\Downloads\SDK_1.0.3_NUCLEO-F401RE\SDK_1.0.3_NUCLEO-F401RE\lib_stm\libLibraries.a(stm32f401re_rcc.o)
 .debug_macro   0x0000000000000000       0x8e C:\Users\Thanh Nam\Downloads\SDK_1.0.3_NUCLEO-F401RE\SDK_1.0.3_NUCLEO-F401RE\lib_stm\libLibraries.a(stm32f401re_rcc.o)
 .debug_macro   0x0000000000000000       0x51 C:\Users\Thanh Nam\Downloads\SDK_1.0.3_NUCLEO-F401RE\SDK_1.0.3_NUCLEO-F401RE\lib_stm\libLibraries.a(stm32f401re_rcc.o)
 .debug_macro   0x0000000000000000       0xef C:\Users\Thanh Nam\Downloads\SDK_1.0.3_NUCLEO-F401RE\SDK_1.0.3_NUCLEO-F401RE\lib_stm\libLibraries.a(stm32f401re_rcc.o)
 .debug_macro   0x0000000000000000       0x6a C:\Users\Thanh Nam\Downloads\SDK_1.0.3_NUCLEO-F401RE\SDK_1.0.3_NUCLEO-F401RE\lib_stm\libLibraries.a(stm32f401re_rcc.o)
 .debug_macro   0x0000000000000000      0x1df C:\Users\Thanh Nam\Downloads\SDK_1.0.3_NUCLEO-F401RE\SDK_1.0.3_NUCLEO-F401RE\lib_stm\libLibraries.a(stm32f401re_rcc.o)
 .debug_macro   0x0000000000000000       0x34 C:\Users\Thanh Nam\Downloads\SDK_1.0.3_NUCLEO-F401RE\SDK_1.0.3_NUCLEO-F401RE\lib_stm\libLibraries.a(stm32f401re_rcc.o)
 .debug_macro   0x0000000000000000       0x26 C:\Users\Thanh Nam\Downloads\SDK_1.0.3_NUCLEO-F401RE\SDK_1.0.3_NUCLEO-F401RE\lib_stm\libLibraries.a(stm32f401re_rcc.o)
 .debug_macro   0x0000000000000000      0xe43 C:\Users\Thanh Nam\Downloads\SDK_1.0.3_NUCLEO-F401RE\SDK_1.0.3_NUCLEO-F401RE\lib_stm\libLibraries.a(stm32f401re_rcc.o)
 .debug_macro   0x0000000000000000     0x8018 C:\Users\Thanh Nam\Downloads\SDK_1.0.3_NUCLEO-F401RE\SDK_1.0.3_NUCLEO-F401RE\lib_stm\libLibraries.a(stm32f401re_rcc.o)
 .text          0x0000000000000000        0x0 c:/st/stm32cubeide_1.7.0/stm32cubeide/plugins/com.st.stm32cube.ide.mcu.externaltools.gnu-tools-for-stm32.9-2020-q2-update.win32_2.0.0.202105311346/tools/bin/../lib/gcc/arm-none-eabi/9.3.1/../../../../arm-none-eabi/lib/thumb/v7e-m+fp/hard\libc_nano.a(lib_a-errno.o)
 .data          0x0000000000000000        0x0 c:/st/stm32cubeide_1.7.0/stm32cubeide/plugins/com.st.stm32cube.ide.mcu.externaltools.gnu-tools-for-stm32.9-2020-q2-update.win32_2.0.0.202105311346/tools/bin/../lib/gcc/arm-none-eabi/9.3.1/../../../../arm-none-eabi/lib/thumb/v7e-m+fp/hard\libc_nano.a(lib_a-errno.o)
 .bss           0x0000000000000000        0x0 c:/st/stm32cubeide_1.7.0/stm32cubeide/plugins/com.st.stm32cube.ide.mcu.externaltools.gnu-tools-for-stm32.9-2020-q2-update.win32_2.0.0.202105311346/tools/bin/../lib/gcc/arm-none-eabi/9.3.1/../../../../arm-none-eabi/lib/thumb/v7e-m+fp/hard\libc_nano.a(lib_a-errno.o)
 .text.__errno  0x0000000000000000        0xc c:/st/stm32cubeide_1.7.0/stm32cubeide/plugins/com.st.stm32cube.ide.mcu.externaltools.gnu-tools-for-stm32.9-2020-q2-update.win32_2.0.0.202105311346/tools/bin/../lib/gcc/arm-none-eabi/9.3.1/../../../../arm-none-eabi/lib/thumb/v7e-m+fp/hard\libc_nano.a(lib_a-errno.o)
 .debug_frame   0x0000000000000000       0x20 c:/st/stm32cubeide_1.7.0/stm32cubeide/plugins/com.st.stm32cube.ide.mcu.externaltools.gnu-tools-for-stm32.9-2020-q2-update.win32_2.0.0.202105311346/tools/bin/../lib/gcc/arm-none-eabi/9.3.1/../../../../arm-none-eabi/lib/thumb/v7e-m+fp/hard\libc_nano.a(lib_a-errno.o)
 .ARM.attributes
                0x0000000000000000       0x34 c:/st/stm32cubeide_1.7.0/stm32cubeide/plugins/com.st.stm32cube.ide.mcu.externaltools.gnu-tools-for-stm32.9-2020-q2-update.win32_2.0.0.202105311346/tools/bin/../lib/gcc/arm-none-eabi/9.3.1/../../../../arm-none-eabi/lib/thumb/v7e-m+fp/hard\libc_nano.a(lib_a-errno.o)
 .text          0x0000000000000000        0x0 c:/st/stm32cubeide_1.7.0/stm32cubeide/plugins/com.st.stm32cube.ide.mcu.externaltools.gnu-tools-for-stm32.9-2020-q2-update.win32_2.0.0.202105311346/tools/bin/../lib/gcc/arm-none-eabi/9.3.1/../../../../arm-none-eabi/lib/thumb/v7e-m+fp/hard\libc_nano.a(lib_a-exit.o)
 .data          0x0000000000000000        0x0 c:/st/stm32cubeide_1.7.0/stm32cubeide/plugins/com.st.stm32cube.ide.mcu.externaltools.gnu-tools-for-stm32.9-2020-q2-update.win32_2.0.0.202105311346/tools/bin/../lib/gcc/arm-none-eabi/9.3.1/../../../../arm-none-eabi/lib/thumb/v7e-m+fp/hard\libc_nano.a(lib_a-exit.o)
 .bss           0x0000000000000000        0x0 c:/st/stm32cubeide_1.7.0/stm32cubeide/plugins/com.st.stm32cube.ide.mcu.externaltools.gnu-tools-for-stm32.9-2020-q2-update.win32_2.0.0.202105311346/tools/bin/../lib/gcc/arm-none-eabi/9.3.1/../../../../arm-none-eabi/lib/thumb/v7e-m+fp/hard\libc_nano.a(lib_a-exit.o)
 .text.exit     0x0000000000000000       0x28 c:/st/stm32cubeide_1.7.0/stm32cubeide/plugins/com.st.stm32cube.ide.mcu.externaltools.gnu-tools-for-stm32.9-2020-q2-update.win32_2.0.0.202105311346/tools/bin/../lib/gcc/arm-none-eabi/9.3.1/../../../../arm-none-eabi/lib/thumb/v7e-m+fp/hard\libc_nano.a(lib_a-exit.o)
 .debug_frame   0x0000000000000000       0x28 c:/st/stm32cubeide_1.7.0/stm32cubeide/plugins/com.st.stm32cube.ide.mcu.externaltools.gnu-tools-for-stm32.9-2020-q2-update.win32_2.0.0.202105311346/tools/bin/../lib/gcc/arm-none-eabi/9.3.1/../../../../arm-none-eabi/lib/thumb/v7e-m+fp/hard\libc_nano.a(lib_a-exit.o)
 .ARM.attributes
                0x0000000000000000       0x34 c:/st/stm32cubeide_1.7.0/stm32cubeide/plugins/com.st.stm32cube.ide.mcu.externaltools.gnu-tools-for-stm32.9-2020-q2-update.win32_2.0.0.202105311346/tools/bin/../lib/gcc/arm-none-eabi/9.3.1/../../../../arm-none-eabi/lib/thumb/v7e-m+fp/hard\libc_nano.a(lib_a-exit.o)
 .text          0x0000000000000000        0x0 c:/st/stm32cubeide_1.7.0/stm32cubeide/plugins/com.st.stm32cube.ide.mcu.externaltools.gnu-tools-for-stm32.9-2020-q2-update.win32_2.0.0.202105311346/tools/bin/../lib/gcc/arm-none-eabi/9.3.1/../../../../arm-none-eabi/lib/thumb/v7e-m+fp/hard\libc_nano.a(lib_a-impure.o)
 .data          0x0000000000000000        0x0 c:/st/stm32cubeide_1.7.0/stm32cubeide/plugins/com.st.stm32cube.ide.mcu.externaltools.gnu-tools-for-stm32.9-2020-q2-update.win32_2.0.0.202105311346/tools/bin/../lib/gcc/arm-none-eabi/9.3.1/../../../../arm-none-eabi/lib/thumb/v7e-m+fp/hard\libc_nano.a(lib_a-impure.o)
 .bss           0x0000000000000000        0x0 c:/st/stm32cubeide_1.7.0/stm32cubeide/plugins/com.st.stm32cube.ide.mcu.externaltools.gnu-tools-for-stm32.9-2020-q2-update.win32_2.0.0.202105311346/tools/bin/../lib/gcc/arm-none-eabi/9.3.1/../../../../arm-none-eabi/lib/thumb/v7e-m+fp/hard\libc_nano.a(lib_a-impure.o)
 .data._impure_ptr
                0x0000000000000000        0x4 c:/st/stm32cubeide_1.7.0/stm32cubeide/plugins/com.st.stm32cube.ide.mcu.externaltools.gnu-tools-for-stm32.9-2020-q2-update.win32_2.0.0.202105311346/tools/bin/../lib/gcc/arm-none-eabi/9.3.1/../../../../arm-none-eabi/lib/thumb/v7e-m+fp/hard\libc_nano.a(lib_a-impure.o)
 .data.impure_data
                0x0000000000000000       0x60 c:/st/stm32cubeide_1.7.0/stm32cubeide/plugins/com.st.stm32cube.ide.mcu.externaltools.gnu-tools-for-stm32.9-2020-q2-update.win32_2.0.0.202105311346/tools/bin/../lib/gcc/arm-none-eabi/9.3.1/../../../../arm-none-eabi/lib/thumb/v7e-m+fp/hard\libc_nano.a(lib_a-impure.o)
 .rodata._global_impure_ptr
                0x0000000000000000        0x4 c:/st/stm32cubeide_1.7.0/stm32cubeide/plugins/com.st.stm32cube.ide.mcu.externaltools.gnu-tools-for-stm32.9-2020-q2-update.win32_2.0.0.202105311346/tools/bin/../lib/gcc/arm-none-eabi/9.3.1/../../../../arm-none-eabi/lib/thumb/v7e-m+fp/hard\libc_nano.a(lib_a-impure.o)
 .ARM.attributes
                0x0000000000000000       0x32 c:/st/stm32cubeide_1.7.0/stm32cubeide/plugins/com.st.stm32cube.ide.mcu.externaltools.gnu-tools-for-stm32.9-2020-q2-update.win32_2.0.0.202105311346/tools/bin/../lib/gcc/arm-none-eabi/9.3.1/../../../../arm-none-eabi/lib/thumb/v7e-m+fp/hard\libc_nano.a(lib_a-impure.o)
 .text          0x0000000000000000        0x0 c:/st/stm32cubeide_1.7.0/stm32cubeide/plugins/com.st.stm32cube.ide.mcu.externaltools.gnu-tools-for-stm32.9-2020-q2-update.win32_2.0.0.202105311346/tools/bin/../lib/gcc/arm-none-eabi/9.3.1/../../../../arm-none-eabi/lib/thumb/v7e-m+fp/hard\libc_nano.a(lib_a-init.o)
 .data          0x0000000000000000        0x0 c:/st/stm32cubeide_1.7.0/stm32cubeide/plugins/com.st.stm32cube.ide.mcu.externaltools.gnu-tools-for-stm32.9-2020-q2-update.win32_2.0.0.202105311346/tools/bin/../lib/gcc/arm-none-eabi/9.3.1/../../../../arm-none-eabi/lib/thumb/v7e-m+fp/hard\libc_nano.a(lib_a-init.o)
 .bss           0x0000000000000000        0x0 c:/st/stm32cubeide_1.7.0/stm32cubeide/plugins/com.st.stm32cube.ide.mcu.externaltools.gnu-tools-for-stm32.9-2020-q2-update.win32_2.0.0.202105311346/tools/bin/../lib/gcc/arm-none-eabi/9.3.1/../../../../arm-none-eabi/lib/thumb/v7e-m+fp/hard\libc_nano.a(lib_a-init.o)
 .text          0x0000000000000000        0x0 c:/st/stm32cubeide_1.7.0/stm32cubeide/plugins/com.st.stm32cube.ide.mcu.externaltools.gnu-tools-for-stm32.9-2020-q2-update.win32_2.0.0.202105311346/tools/bin/../lib/gcc/arm-none-eabi/9.3.1/../../../../arm-none-eabi/lib/thumb/v7e-m+fp/hard\libc_nano.a(lib_a-memset.o)
 .data          0x0000000000000000        0x0 c:/st/stm32cubeide_1.7.0/stm32cubeide/plugins/com.st.stm32cube.ide.mcu.externaltools.gnu-tools-for-stm32.9-2020-q2-update.win32_2.0.0.202105311346/tools/bin/../lib/gcc/arm-none-eabi/9.3.1/../../../../arm-none-eabi/lib/thumb/v7e-m+fp/hard\libc_nano.a(lib_a-memset.o)
 .bss           0x0000000000000000        0x0 c:/st/stm32cubeide_1.7.0/stm32cubeide/plugins/com.st.stm32cube.ide.mcu.externaltools.gnu-tools-for-stm32.9-2020-q2-update.win32_2.0.0.202105311346/tools/bin/../lib/gcc/arm-none-eabi/9.3.1/../../../../arm-none-eabi/lib/thumb/v7e-m+fp/hard\libc_nano.a(lib_a-memset.o)
 .text.memset   0x0000000000000000       0x10 c:/st/stm32cubeide_1.7.0/stm32cubeide/plugins/com.st.stm32cube.ide.mcu.externaltools.gnu-tools-for-stm32.9-2020-q2-update.win32_2.0.0.202105311346/tools/bin/../lib/gcc/arm-none-eabi/9.3.1/../../../../arm-none-eabi/lib/thumb/v7e-m+fp/hard\libc_nano.a(lib_a-memset.o)
 .debug_frame   0x0000000000000000       0x20 c:/st/stm32cubeide_1.7.0/stm32cubeide/plugins/com.st.stm32cube.ide.mcu.externaltools.gnu-tools-for-stm32.9-2020-q2-update.win32_2.0.0.202105311346/tools/bin/../lib/gcc/arm-none-eabi/9.3.1/../../../../arm-none-eabi/lib/thumb/v7e-m+fp/hard\libc_nano.a(lib_a-memset.o)
 .ARM.attributes
                0x0000000000000000       0x34 c:/st/stm32cubeide_1.7.0/stm32cubeide/plugins/com.st.stm32cube.ide.mcu.externaltools.gnu-tools-for-stm32.9-2020-q2-update.win32_2.0.0.202105311346/tools/bin/../lib/gcc/arm-none-eabi/9.3.1/../../../../arm-none-eabi/lib/thumb/v7e-m+fp/hard\libc_nano.a(lib_a-memset.o)
 .text          0x0000000000000000        0x0 c:/st/stm32cubeide_1.7.0/stm32cubeide/plugins/com.st.stm32cube.ide.mcu.externaltools.gnu-tools-for-stm32.9-2020-q2-update.win32_2.0.0.202105311346/tools/bin/../lib/gcc/arm-none-eabi/9.3.1/thumb/v7e-m+fp/hard/crtend.o
 .data          0x0000000000000000        0x0 c:/st/stm32cubeide_1.7.0/stm32cubeide/plugins/com.st.stm32cube.ide.mcu.externaltools.gnu-tools-for-stm32.9-2020-q2-update.win32_2.0.0.202105311346/tools/bin/../lib/gcc/arm-none-eabi/9.3.1/thumb/v7e-m+fp/hard/crtend.o
 .bss           0x0000000000000000        0x0 c:/st/stm32cubeide_1.7.0/stm32cubeide/plugins/com.st.stm32cube.ide.mcu.externaltools.gnu-tools-for-stm32.9-2020-q2-update.win32_2.0.0.202105311346/tools/bin/../lib/gcc/arm-none-eabi/9.3.1/thumb/v7e-m+fp/hard/crtend.o
 .eh_frame      0x0000000000000000        0x4 c:/st/stm32cubeide_1.7.0/stm32cubeide/plugins/com.st.stm32cube.ide.mcu.externaltools.gnu-tools-for-stm32.9-2020-q2-update.win32_2.0.0.202105311346/tools/bin/../lib/gcc/arm-none-eabi/9.3.1/thumb/v7e-m+fp/hard/crtend.o
 .ARM.attributes
                0x0000000000000000       0x32 c:/st/stm32cubeide_1.7.0/stm32cubeide/plugins/com.st.stm32cube.ide.mcu.externaltools.gnu-tools-for-stm32.9-2020-q2-update.win32_2.0.0.202105311346/tools/bin/../lib/gcc/arm-none-eabi/9.3.1/thumb/v7e-m+fp/hard/crtend.o
 .text          0x0000000000000000        0x0 c:/st/stm32cubeide_1.7.0/stm32cubeide/plugins/com.st.stm32cube.ide.mcu.externaltools.gnu-tools-for-stm32.9-2020-q2-update.win32_2.0.0.202105311346/tools/bin/../lib/gcc/arm-none-eabi/9.3.1/thumb/v7e-m+fp/hard/crtn.o
 .data          0x0000000000000000        0x0 c:/st/stm32cubeide_1.7.0/stm32cubeide/plugins/com.st.stm32cube.ide.mcu.externaltools.gnu-tools-for-stm32.9-2020-q2-update.win32_2.0.0.202105311346/tools/bin/../lib/gcc/arm-none-eabi/9.3.1/thumb/v7e-m+fp/hard/crtn.o
 .bss           0x0000000000000000        0x0 c:/st/stm32cubeide_1.7.0/stm32cubeide/plugins/com.st.stm32cube.ide.mcu.externaltools.gnu-tools-for-stm32.9-2020-q2-update.win32_2.0.0.202105311346/tools/bin/../lib/gcc/arm-none-eabi/9.3.1/thumb/v7e-m+fp/hard/crtn.o

Memory Configuration

Name             Origin             Length             Attributes
RAM              0x0000000020000000 0x0000000000018000 xrw
FLASH            0x0000000008000000 0x0000000000080000 xr
*default*        0x0000000000000000 0xffffffffffffffff

Linker script and memory map

LOAD c:/st/stm32cubeide_1.7.0/stm32cubeide/plugins/com.st.stm32cube.ide.mcu.externaltools.gnu-tools-for-stm32.9-2020-q2-update.win32_2.0.0.202105311346/tools/bin/../lib/gcc/arm-none-eabi/9.3.1/thumb/v7e-m+fp/hard/crti.o
LOAD c:/st/stm32cubeide_1.7.0/stm32cubeide/plugins/com.st.stm32cube.ide.mcu.externaltools.gnu-tools-for-stm32.9-2020-q2-update.win32_2.0.0.202105311346/tools/bin/../lib/gcc/arm-none-eabi/9.3.1/thumb/v7e-m+fp/hard/crtbegin.o
LOAD c:/st/stm32cubeide_1.7.0/stm32cubeide/plugins/com.st.stm32cube.ide.mcu.externaltools.gnu-tools-for-stm32.9-2020-q2-update.win32_2.0.0.202105311346/tools/bin/../lib/gcc/arm-none-eabi/9.3.1/../../../../arm-none-eabi/lib/thumb/v7e-m+fp/hard/crt0.o
LOAD ./Src/bai5.o
LOAD ./Src/syscalls.o
LOAD ./Src/sysmem.o
LOAD ./Startup/startup_stm32f401retx.o
LOAD C:\Users\Thanh Nam\Downloads\SDK_1.0.3_NUCLEO-F401RE\SDK_1.0.3_NUCLEO-F401RE\lib_stm\libLibraries.a
START GROUP
LOAD c:/st/stm32cubeide_1.7.0/stm32cubeide/plugins/com.st.stm32cube.ide.mcu.externaltools.gnu-tools-for-stm32.9-2020-q2-update.win32_2.0.0.202105311346/tools/bin/../lib/gcc/arm-none-eabi/9.3.1/../../../../arm-none-eabi/lib/thumb/v7e-m+fp/hard\libc_nano.a
LOAD c:/st/stm32cubeide_1.7.0/stm32cubeide/plugins/com.st.stm32cube.ide.mcu.externaltools.gnu-tools-for-stm32.9-2020-q2-update.win32_2.0.0.202105311346/tools/bin/../lib/gcc/arm-none-eabi/9.3.1/../../../../arm-none-eabi/lib/thumb/v7e-m+fp/hard\libm.a
END GROUP
START GROUP
LOAD c:/st/stm32cubeide_1.7.0/stm32cubeide/plugins/com.st.stm32cube.ide.mcu.externaltools.gnu-tools-for-stm32.9-2020-q2-update.win32_2.0.0.202105311346/tools/bin/../lib/gcc/arm-none-eabi/9.3.1/thumb/v7e-m+fp/hard\libgcc.a
LOAD c:/st/stm32cubeide_1.7.0/stm32cubeide/plugins/com.st.stm32cube.ide.mcu.externaltools.gnu-tools-for-stm32.9-2020-q2-update.win32_2.0.0.202105311346/tools/bin/../lib/gcc/arm-none-eabi/9.3.1/../../../../arm-none-eabi/lib/thumb/v7e-m+fp/hard\libc_nano.a
END GROUP
START GROUP
LOAD c:/st/stm32cubeide_1.7.0/stm32cubeide/plugins/com.st.stm32cube.ide.mcu.externaltools.gnu-tools-for-stm32.9-2020-q2-update.win32_2.0.0.202105311346/tools/bin/../lib/gcc/arm-none-eabi/9.3.1/thumb/v7e-m+fp/hard\libgcc.a
LOAD c:/st/stm32cubeide_1.7.0/stm32cubeide/plugins/com.st.stm32cube.ide.mcu.externaltools.gnu-tools-for-stm32.9-2020-q2-update.win32_2.0.0.202105311346/tools/bin/../lib/gcc/arm-none-eabi/9.3.1/../../../../arm-none-eabi/lib/thumb/v7e-m+fp/hard\libc_nano.a
LOAD c:/st/stm32cubeide_1.7.0/stm32cubeide/plugins/com.st.stm32cube.ide.mcu.externaltools.gnu-tools-for-stm32.9-2020-q2-update.win32_2.0.0.202105311346/tools/bin/../lib/gcc/arm-none-eabi/9.3.1/../../../../arm-none-eabi/lib/thumb/v7e-m+fp/hard\libnosys.a
END GROUP
START GROUP
LOAD c:/st/stm32cubeide_1.7.0/stm32cubeide/plugins/com.st.stm32cube.ide.mcu.externaltools.gnu-tools-for-stm32.9-2020-q2-update.win32_2.0.0.202105311346/tools/bin/../lib/gcc/arm-none-eabi/9.3.1/thumb/v7e-m+fp/hard\libgcc.a
LOAD c:/st/stm32cubeide_1.7.0/stm32cubeide/plugins/com.st.stm32cube.ide.mcu.externaltools.gnu-tools-for-stm32.9-2020-q2-update.win32_2.0.0.202105311346/tools/bin/../lib/gcc/arm-none-eabi/9.3.1/../../../../arm-none-eabi/lib/thumb/v7e-m+fp/hard\libc_nano.a
LOAD c:/st/stm32cubeide_1.7.0/stm32cubeide/plugins/com.st.stm32cube.ide.mcu.externaltools.gnu-tools-for-stm32.9-2020-q2-update.win32_2.0.0.202105311346/tools/bin/../lib/gcc/arm-none-eabi/9.3.1/../../../../arm-none-eabi/lib/thumb/v7e-m+fp/hard\libnosys.a
END GROUP
LOAD c:/st/stm32cubeide_1.7.0/stm32cubeide/plugins/com.st.stm32cube.ide.mcu.externaltools.gnu-tools-for-stm32.9-2020-q2-update.win32_2.0.0.202105311346/tools/bin/../lib/gcc/arm-none-eabi/9.3.1/thumb/v7e-m+fp/hard/crtend.o
LOAD c:/st/stm32cubeide_1.7.0/stm32cubeide/plugins/com.st.stm32cube.ide.mcu.externaltools.gnu-tools-for-stm32.9-2020-q2-update.win32_2.0.0.202105311346/tools/bin/../lib/gcc/arm-none-eabi/9.3.1/thumb/v7e-m+fp/hard/crtn.o
                0x0000000020018000                _estack = (ORIGIN (RAM) + LENGTH (RAM))
                0x0000000000000200                _Min_Heap_Size = 0x200
                0x0000000000000400                _Min_Stack_Size = 0x400

.isr_vector     0x0000000008000000      0x194
                0x0000000008000000                . = ALIGN (0x4)
 *(.isr_vector)
 .isr_vector    0x0000000008000000      0x194 ./Startup/startup_stm32f401retx.o
                0x0000000008000000                g_pfnVectors
                0x0000000008000194                . = ALIGN (0x4)

.text           0x0000000008000194      0x50c
                0x0000000008000194                . = ALIGN (0x4)
 *(.text)
 .text          0x0000000008000194       0x40 c:/st/stm32cubeide_1.7.0/stm32cubeide/plugins/com.st.stm32cube.ide.mcu.externaltools.gnu-tools-for-stm32.9-2020-q2-update.win32_2.0.0.202105311346/tools/bin/../lib/gcc/arm-none-eabi/9.3.1/thumb/v7e-m+fp/hard/crtbegin.o
 *(.text*)
 .text.delay    0x00000000080001d4       0x2a ./Src/bai5.o
                0x00000000080001d4                delay
 .text.GPIO_Set
                0x00000000080001fe       0x30 ./Src/bai5.o
                0x00000000080001fe                GPIO_Set
 .text.Button_Read
                0x000000000800022e       0x2a ./Src/bai5.o
                0x000000000800022e                Button_Read
 .text.GPIO_Init_All
                0x0000000008000258       0xa4 ./Src/bai5.o
                0x0000000008000258                GPIO_Init_All
 .text.Blink    0x00000000080002fc       0x54 ./Src/bai5.o
                0x00000000080002fc                Blink
 .text.main     0x0000000008000350      0x140 ./Src/bai5.o
                0x0000000008000350                main
 .text.Reset_Handler
                0x0000000008000490       0x50 ./Startup/startup_stm32f401retx.o
                0x0000000008000490                Reset_Handler
 .text.Default_Handler
                0x00000000080004e0        0x2 ./Startup/startup_stm32f401retx.o
                0x00000000080004e0                EXTI2_IRQHandler
                0x00000000080004e0                DebugMon_Handler
                0x00000000080004e0                SPI4_IRQHandler
                0x00000000080004e0                TIM1_CC_IRQHandler
                0x00000000080004e0                HardFault_Handler
                0x00000000080004e0                SysTick_Handler
                0x00000000080004e0                SDIO_IRQHandler
                0x00000000080004e0                TAMP_STAMP_IRQHandler
                0x00000000080004e0                PendSV_Handler
                0x00000000080004e0                NMI_Handler
                0x00000000080004e0                EXTI3_IRQHandler
                0x00000000080004e0                TIM1_UP_TIM10_IRQHandler
                0x00000000080004e0                I2C3_ER_IRQHandler
                0x00000000080004e0                EXTI18_OTG_FS_WKUP_IRQHandler
                0x00000000080004e0                EXTI0_IRQHandler
                0x00000000080004e0                I2C2_EV_IRQHandler
                0x00000000080004e0                FPU_IRQHandler
                0x00000000080004e0                UsageFault_Handler
                0x00000000080004e0                SPI1_IRQHandler
                0x00000000080004e0                TIM1_BRK_TIM9_IRQHandler
                0x00000000080004e0                USART6_IRQHandler
                0x00000000080004e0                TIM4_IRQHandler
                0x00000000080004e0                I2C1_EV_IRQHandler
                0x00000000080004e0                TIM3_IRQHandler
                0x00000000080004e0                RCC_IRQHandler
                0x00000000080004e0                Default_Handler
                0x00000000080004e0                EXTI15_10_IRQHandler
                0x00000000080004e0                ADC_IRQHandler
                0x00000000080004e0                TIM5_IRQHandler
                0x00000000080004e0                I2C3_EV_IRQHandler
                0x00000000080004e0                EXTI9_5_IRQHandler
                0x00000000080004e0                SPI2_IRQHandler
                0x00000000080004e0                MemManage_Handler
                0x00000000080004e0                SVC_Handler
                0x00000000080004e0                EXTI4_IRQHandler
                0x00000000080004e0                EXTI22_RTC_WKUP_IRQHandler
                0x00000000080004e0                TIM2_IRQHandler
                0x00000000080004e0                EXTI16_PVD_IRQHandler
                0x00000000080004e0                TIM1_TRG_COM_TIM11_IRQHandler
                0x00000000080004e0                EXTI1_IRQHandler
                0x00000000080004e0                EXTI17_RTC_Alarm_IRQHandler
                0x00000000080004e0                USART2_IRQHandler
                0x00000000080004e0                I2C2_ER_IRQHandler
                0x00000000080004e0                FLASH_IRQHandler
                0x00000000080004e0                BusFault_Handler
                0x00000000080004e0                USART1_IRQHandler
                0x00000000080004e0                OTG_FS_IRQHandler
                0x00000000080004e0                SPI3_IRQHandler
                0x00000000080004e0                I2C1_ER_IRQHandler
 .text.GPIO_Init
                0x00000000080004e2      0x11c C:\Users\Thanh Nam\Downloads\SDK_1.0.3_NUCLEO-F401RE\SDK_1.0.3_NUCLEO-F401RE\lib_stm\libLibraries.a(stm32f401re_gpio.o)
                0x00000000080004e2                GPIO_Init
 *fill*         0x00000000080005fe        0x2 
 .text.RCC_AHB1PeriphClockCmd
                0x0000000008000600       0x40 C:\Users\Thanh Nam\Downloads\SDK_1.0.3_NUCLEO-F401RE\SDK_1.0.3_NUCLEO-F401RE\lib_stm\libLibraries.a(stm32f401re_rcc.o)
                0x0000000008000600                RCC_AHB1PeriphClockCmd
 .text.__libc_init_array
                0x0000000008000640       0x48 c:/st/stm32cubeide_1.7.0/stm32cubeide/plugins/com.st.stm32cube.ide.mcu.externaltools.gnu-tools-for-stm32.9-2020-q2-update.win32_2.0.0.202105311346/tools/bin/../lib/gcc/arm-none-eabi/9.3.1/../../../../arm-none-eabi/lib/thumb/v7e-m+fp/hard\libc_nano.a(lib_a-init.o)
                0x0000000008000640                __libc_init_array
 *(.glue_7)
 .glue_7        0x0000000008000688        0x0 linker stubs
 *(.glue_7t)
 .glue_7t       0x0000000008000688        0x0 linker stubs
 *(.eh_frame)
 .eh_frame      0x0000000008000688        0x0 c:/st/stm32cubeide_1.7.0/stm32cubeide/plugins/com.st.stm32cube.ide.mcu.externaltools.gnu-tools-for-stm32.9-2020-q2-update.win32_2.0.0.202105311346/tools/bin/../lib/gcc/arm-none-eabi/9.3.1/thumb/v7e-m+fp/hard/crtbegin.o
 *(.init)
 .init          0x0000000008000688        0x4 c:/st/stm32cubeide_1.7.0/stm32cubeide/plugins/com.st.stm32cube.ide.mcu.externaltools.gnu-tools-for-stm32.9-2020-q2-update.win32_2.0.0.202105311346/tools/bin/../lib/gcc/arm-none-eabi/9.3.1/thumb/v7e-m+fp/hard/crti.o
                0x0000000008000688                _init
 .init          0x000000000800068c        0x8 c:/st/stm32cubeide_1.7.0/stm32cubeide/plugins/com.st.stm32cube.ide.mcu.externaltools.gnu-tools-for-stm32.9-2020-q2-update.win32_2.0.0.202105311346/tools/bin/../lib/gcc/arm-none-eabi/9.3.1/thumb/v7e-m+fp/hard/crtn.o
 *(.fini)
 .fini          0x0000000008000694        0x4 c:/st/stm32cubeide_1.7.0/stm32cubeide/plugins/com.st.stm32cube.ide.mcu.externaltools.gnu-tools-for-stm32.9-2020-q2-update.win32_2.0.0.202105311346/tools/bin/../lib/gcc/arm-none-eabi/9.3.1/thumb/v7e-m+fp/hard/crti.o
                0x0000000008000694                _fini
 .fini          0x0000000008000698        0x8 c:/st/stm32cubeide_1.7.0/stm32cubeide/plugins/com.st.stm32cube.ide.mcu.externaltools.gnu-tools-for-stm32.9-2020-q2-update.win32_2.0.0.202105311346/tools/bin/../lib/gcc/arm-none-eabi/9.3.1/thumb/v7e-m+fp/hard/crtn.o
                0x00000000080006a0                . = ALIGN (0x4)
                0x00000000080006a0                _etext = .

.vfp11_veneer   0x00000000080006a0        0x0
 .vfp11_veneer  0x00000000080006a0        0x0 linker stubs

.v4_bx          0x00000000080006a0        0x0
 .v4_bx         0x00000000080006a0        0x0 linker stubs

.iplt           0x00000000080006a0        0x0
 .iplt          0x00000000080006a0        0x0 c:/st/stm32cubeide_1.7.0/stm32cubeide/plugins/com.st.stm32cube.ide.mcu.externaltools.gnu-tools-for-stm32.9-2020-q2-update.win32_2.0.0.202105311346/tools/bin/../lib/gcc/arm-none-eabi/9.3.1/thumb/v7e-m+fp/hard/crtbegin.o

.rel.dyn        0x00000000080006a0        0x0
 .rel.iplt      0x00000000080006a0        0x0 c:/st/stm32cubeide_1.7.0/stm32cubeide/plugins/com.st.stm32cube.ide.mcu.externaltools.gnu-tools-for-stm32.9-2020-q2-update.win32_2.0.0.202105311346/tools/bin/../lib/gcc/arm-none-eabi/9.3.1/thumb/v7e-m+fp/hard/crtbegin.o

.rodata         0x00000000080006a0        0x0
                0x00000000080006a0                . = ALIGN (0x4)
 *(.rodata)
 *(.rodata*)
                0x00000000080006a0                . = ALIGN (0x4)

.ARM.extab      0x00000000080006a0        0x0
                0x00000000080006a0                . = ALIGN (0x4)
 *(.ARM.extab* .gnu.linkonce.armextab.*)
                0x00000000080006a0                . = ALIGN (0x4)

.ARM            0x00000000080006a0        0x0
                0x00000000080006a0                . = ALIGN (0x4)
                0x00000000080006a0                __exidx_start = .
 *(.ARM.exidx*)
                0x00000000080006a0                __exidx_end = .
                0x00000000080006a0                . = ALIGN (0x4)

.preinit_array  0x00000000080006a0        0x0
                0x00000000080006a0                . = ALIGN (0x4)
                0x00000000080006a0                PROVIDE (__preinit_array_start = .)
 *(.preinit_array*)
                0x00000000080006a0                PROVIDE (__preinit_array_end = .)
                0x00000000080006a0                . = ALIGN (0x4)

.init_array     0x00000000080006a0        0x4
                0x00000000080006a0                . = ALIGN (0x4)
                0x00000000080006a0                PROVIDE (__init_array_start = .)
 *(SORT_BY_NAME(.init_array.*))
 *(.init_array*)
 .init_array    0x00000000080006a0        0x4 c:/st/stm32cubeide_1.7.0/stm32cubeide/plugins/com.st.stm32cube.ide.mcu.externaltools.gnu-tools-for-stm32.9-2020-q2-update.win32_2.0.0.202105311346/tools/bin/../lib/gcc/arm-none-eabi/9.3.1/thumb/v7e-m+fp/hard/crtbegin.o
                0x00000000080006a4                PROVIDE (__init_array_end = .)
                0x00000000080006a4                . = ALIGN (0x4)

.fini_array     0x00000000080006a4        0x4
                0x00000000080006a4                . = ALIGN (0x4)
                [!provide]                        PROVIDE (__fini_array_start = .)
 *(SORT_BY_NAME(.fini_array.*))
 *(.fini_array*)
 .fini_array    0x00000000080006a4        0x4 c:/st/stm32cubeide_1.7.0/stm32cubeide/plugins/com.st.stm32cube.ide.mcu.externaltools.gnu-tools-for-stm32.9-2020-q2-update.win32_2.0.0.202105311346/tools/bin/../lib/gcc/arm-none-eabi/9.3.1/thumb/v7e-m+fp/hard/crtbegin.o
                [!provide]                        PROVIDE (__fini_array_end = .)
                0x00000000080006a8                . = ALIGN (0x4)
                0x00000000080006a8                _sidata = LOADADDR (.data)

.data           0x0000000020000000        0x0 load address 0x00000000080006a8
                0x0000000020000000                . = ALIGN (0x4)
                0x0000000020000000                _sdata = .
 *(.data)
 *(.data*)
 *(.RamFunc)
 *(.RamFunc*)
                0x0000000020000000                . = ALIGN (0x4)
                0x0000000020000000                _edata = .

.igot.plt       0x0000000020000000        0x0 load address 0x00000000080006a8
 .igot.plt      0x0000000020000000        0x0 c:/st/stm32cubeide_1.7.0/stm32cubeide/plugins/com.st.stm32cube.ide.mcu.externaltools.gnu-tools-for-stm32.9-2020-q2-update.win32_2.0.0.202105311346/tools/bin/../lib/gcc/arm-none-eabi/9.3.1/thumb/v7e-m+fp/hard/crtbegin.o
                0x0000000020000000                . = ALIGN (0x4)

.bss            0x0000000020000000       0x1c load address 0x00000000080006a8
                0x0000000020000000                _sbss = .
                0x0000000020000000                __bss_start__ = _sbss
 *(.bss)
 .bss           0x0000000020000000       0x1c c:/st/stm32cubeide_1.7.0/stm32cubeide/plugins/com.st.stm32cube.ide.mcu.externaltools.gnu-tools-for-stm32.9-2020-q2-update.win32_2.0.0.202105311346/tools/bin/../lib/gcc/arm-none-eabi/9.3.1/thumb/v7e-m+fp/hard/crtbegin.o
 *(.bss*)
 *(COMMON)
                0x000000002000001c                . = ALIGN (0x4)
                0x000000002000001c                _ebss = .
                0x000000002000001c                __bss_end__ = _ebss

._user_heap_stack
                0x000000002000001c      0x604 load address 0x00000000080006a8
                0x0000000020000020                . = ALIGN (0x8)
 *fill*         0x000000002000001c        0x4 
                [!provide]                        PROVIDE (end = .)
                0x0000000020000020                PROVIDE (_end = .)
                0x0000000020000220                . = (. + _Min_Heap_Size)
 *fill*         0x0000000020000020      0x200 
                0x0000000020000620                . = (. + _Min_Stack_Size)
 *fill*         0x0000000020000220      0x400 
                0x0000000020000620                . = ALIGN (0x8)

/DISCARD/
 libc.a(*)
 libm.a(*)
 libgcc.a(*)

.ARM.attributes
                0x0000000000000000       0x30
 *(.ARM.attributes)
 .ARM.attributes
                0x0000000000000000       0x1e c:/st/stm32cubeide_1.7.0/stm32cubeide/plugins/com.st.stm32cube.ide.mcu.externaltools.gnu-tools-for-stm32.9-2020-q2-update.win32_2.0.0.202105311346/tools/bin/../lib/gcc/arm-none-eabi/9.3.1/thumb/v7e-m+fp/hard/crti.o
 .ARM.attributes
                0x000000000000001e       0x34 c:/st/stm32cubeide_1.7.0/stm32cubeide/plugins/com.st.stm32cube.ide.mcu.externaltools.gnu-tools-for-stm32.9-2020-q2-update.win32_2.0.0.202105311346/tools/bin/../lib/gcc/arm-none-eabi/9.3.1/thumb/v7e-m+fp/hard/crtbegin.o
 .ARM.attributes
                0x0000000000000052       0x34 ./Src/bai5.o
 .ARM.attributes
                0x0000000000000086       0x21 ./Startup/startup_stm32f401retx.o
 .ARM.attributes
                0x00000000000000a7       0x39 C:\Users\Thanh Nam\Downloads\SDK_1.0.3_NUCLEO-F401RE\SDK_1.0.3_NUCLEO-F401RE\lib_stm\libLibraries.a(stm32f401re_gpio.o)
 .ARM.attributes
                0x00000000000000e0       0x39 C:\Users\Thanh Nam\Downloads\SDK_1.0.3_NUCLEO-F401RE\SDK_1.0.3_NUCLEO-F401RE\lib_stm\libLibraries.a(stm32f401re_rcc.o)
 .ARM.attributes
                0x0000000000000119       0x34 c:/st/stm32cubeide_1.7.0/stm32cubeide/plugins/com.st.stm32cube.ide.mcu.externaltools.gnu-tools-for-stm32.9-2020-q2-update.win32_2.0.0.202105311346/tools/bin/../lib/gcc/arm-none-eabi/9.3.1/../../../../arm-none-eabi/lib/thumb/v7e-m+fp/hard\libc_nano.a(lib_a-init.o)
 .ARM.attributes
                0x000000000000014d       0x1e c:/st/stm32cubeide_1.7.0/stm32cubeide/plugins/com.st.stm32cube.ide.mcu.externaltools.gnu-tools-for-stm32.9-2020-q2-update.win32_2.0.0.202105311346/tools/bin/../lib/gcc/arm-none-eabi/9.3.1/thumb/v7e-m+fp/hard/crtn.o
OUTPUT(FinalTest.elf elf32-littlearm)
LOAD linker stubs
LOAD c:/st/stm32cubeide_1.7.0/stm32cubeide/plugins/com.st.stm32cube.ide.mcu.externaltools.gnu-tools-for-stm32.9-2020-q2-update.win32_2.0.0.202105311346/tools/bin/../lib/gcc/arm-none-eabi/9.3.1/../../../../arm-none-eabi/lib/thumb/v7e-m+fp/hard\libc.a
LOAD c:/st/stm32cubeide_1.7.0/stm32cubeide/plugins/com.st.stm32cube.ide.mcu.externaltools.gnu-tools-for-stm32.9-2020-q2-update.win32_2.0.0.202105311346/tools/bin/../lib/gcc/arm-none-eabi/9.3.1/../../../../arm-none-eabi/lib/thumb/v7e-m+fp/hard\libm.a
LOAD c:/st/stm32cubeide_1.7.0/stm32cubeide/plugins/com.st.stm32cube.ide.mcu.externaltools.gnu-tools-for-stm32.9-2020-q2-update.win32_2.0.0.202105311346/tools/bin/../lib/gcc/arm-none-eabi/9.3.1/thumb/v7e-m+fp/hard\libgcc.a

.debug_info     0x0000000000000000     0x1848
 .debug_info    0x0000000000000000      0x49d ./Src/bai5.o
 .debug_info    0x000000000000049d       0x22 ./Startup/startup_stm32f401retx.o
 .debug_info    0x00000000000004bf      0x62b C:\Users\Thanh Nam\Downloads\SDK_1.0.3_NUCLEO-F401RE\SDK_1.0.3_NUCLEO-F401RE\lib_stm\libLibraries.a(stm32f401re_gpio.o)
 .debug_info    0x0000000000000aea      0xd5e C:\Users\Thanh Nam\Downloads\SDK_1.0.3_NUCLEO-F401RE\SDK_1.0.3_NUCLEO-F401RE\lib_stm\libLibraries.a(stm32f401re_rcc.o)

.debug_abbrev   0x0000000000000000      0x5ad
 .debug_abbrev  0x0000000000000000      0x208 ./Src/bai5.o
 .debug_abbrev  0x0000000000000208       0x12 ./Startup/startup_stm32f401retx.o
 .debug_abbrev  0x000000000000021a      0x1bf C:\Users\Thanh Nam\Downloads\SDK_1.0.3_NUCLEO-F401RE\SDK_1.0.3_NUCLEO-F401RE\lib_stm\libLibraries.a(stm32f401re_gpio.o)
 .debug_abbrev  0x00000000000003d9      0x1d4 C:\Users\Thanh Nam\Downloads\SDK_1.0.3_NUCLEO-F401RE\SDK_1.0.3_NUCLEO-F401RE\lib_stm\libLibraries.a(stm32f401re_rcc.o)

.debug_aranges  0x0000000000000000      0x298
 .debug_aranges
                0x0000000000000000       0x50 ./Src/bai5.o
 .debug_aranges
                0x0000000000000050       0x28 ./Startup/startup_stm32f401retx.o
 .debug_aranges
                0x0000000000000078       0x88 C:\Users\Thanh Nam\Downloads\SDK_1.0.3_NUCLEO-F401RE\SDK_1.0.3_NUCLEO-F401RE\lib_stm\libLibraries.a(stm32f401re_gpio.o)
 .debug_aranges
                0x0000000000000100      0x198 C:\Users\Thanh Nam\Downloads\SDK_1.0.3_NUCLEO-F401RE\SDK_1.0.3_NUCLEO-F401RE\lib_stm\libLibraries.a(stm32f401re_rcc.o)

.debug_ranges   0x0000000000000000      0x260
 .debug_ranges  0x0000000000000000       0x40 ./Src/bai5.o
 .debug_ranges  0x0000000000000040       0x20 ./Startup/startup_stm32f401retx.o
 .debug_ranges  0x0000000000000060       0x78 C:\Users\Thanh Nam\Downloads\SDK_1.0.3_NUCLEO-F401RE\SDK_1.0.3_NUCLEO-F401RE\lib_stm\libLibraries.a(stm32f401re_gpio.o)
 .debug_ranges  0x00000000000000d8      0x188 C:\Users\Thanh Nam\Downloads\SDK_1.0.3_NUCLEO-F401RE\SDK_1.0.3_NUCLEO-F401RE\lib_stm\libLibraries.a(stm32f401re_rcc.o)

.debug_macro    0x0000000000000000     0xbcb5
 .debug_macro   0x0000000000000000      0x116 ./Src/bai5.o
 .debug_macro   0x0000000000000116      0xab4 ./Src/bai5.o
 .debug_macro   0x0000000000000bca       0x22 ./Src/bai5.o
 .debug_macro   0x0000000000000bec       0x8e ./Src/bai5.o
 .debug_macro   0x0000000000000c7a       0x51 ./Src/bai5.o
 .debug_macro   0x0000000000000ccb      0x103 ./Src/bai5.o
 .debug_macro   0x0000000000000dce       0x6a ./Src/bai5.o
 .debug_macro   0x0000000000000e38      0x1df ./Src/bai5.o
 .debug_macro   0x0000000000001017       0x6b ./Src/bai5.o
 .debug_macro   0x0000000000001082       0x3b ./Src/bai5.o
 .debug_macro   0x00000000000010bd       0x34 ./Src/bai5.o
 .debug_macro   0x00000000000010f1       0x26 ./Src/bai5.o
 .debug_macro   0x0000000000001117      0xe43 ./Src/bai5.o
 .debug_macro   0x0000000000001f5a     0x8018 ./Src/bai5.o
 .debug_macro   0x0000000000009f72      0x2ee ./Src/bai5.o
 .debug_macro   0x000000000000a260      0x64a ./Src/bai5.o
 .debug_macro   0x000000000000a8aa       0xc3 C:\Users\Thanh Nam\Downloads\SDK_1.0.3_NUCLEO-F401RE\SDK_1.0.3_NUCLEO-F401RE\lib_stm\libLibraries.a(stm32f401re_gpio.o)
 .debug_macro   0x000000000000a96d      0xa66 C:\Users\Thanh Nam\Downloads\SDK_1.0.3_NUCLEO-F401RE\SDK_1.0.3_NUCLEO-F401RE\lib_stm\libLibraries.a(stm32f401re_gpio.o)
 .debug_macro   0x000000000000b3d3       0x22 C:\Users\Thanh Nam\Downloads\SDK_1.0.3_NUCLEO-F401RE\SDK_1.0.3_NUCLEO-F401RE\lib_stm\libLibraries.a(stm32f401re_gpio.o)
 .debug_macro   0x000000000000b3f5       0xef C:\Users\Thanh Nam\Downloads\SDK_1.0.3_NUCLEO-F401RE\SDK_1.0.3_NUCLEO-F401RE\lib_stm\libLibraries.a(stm32f401re_gpio.o)
 .debug_macro   0x000000000000b4e4      0x18d C:\Users\Thanh Nam\Downloads\SDK_1.0.3_NUCLEO-F401RE\SDK_1.0.3_NUCLEO-F401RE\lib_stm\libLibraries.a(stm32f401re_rcc.o)
 .debug_macro   0x000000000000b671      0x644 C:\Users\Thanh Nam\Downloads\SDK_1.0.3_NUCLEO-F401RE\SDK_1.0.3_NUCLEO-F401RE\lib_stm\libLibraries.a(stm32f401re_rcc.o)

.debug_line     0x0000000000000000     0x161f
 .debug_line    0x0000000000000000      0x66b ./Src/bai5.o
 .debug_line    0x000000000000066b       0x84 ./Startup/startup_stm32f401retx.o
 .debug_line    0x00000000000006ef      0x65e C:\Users\Thanh Nam\Downloads\SDK_1.0.3_NUCLEO-F401RE\SDK_1.0.3_NUCLEO-F401RE\lib_stm\libLibraries.a(stm32f401re_gpio.o)
 .debug_line    0x0000000000000d4d      0x8d2 C:\Users\Thanh Nam\Downloads\SDK_1.0.3_NUCLEO-F401RE\SDK_1.0.3_NUCLEO-F401RE\lib_stm\libLibraries.a(stm32f401re_rcc.o)

.debug_str      0x0000000000000000    0x3b654
 .debug_str     0x0000000000000000    0x3a5d0 ./Src/bai5.o
                                      0x3a7a2 (size before relaxing)
 .debug_str     0x000000000003a5d0       0x31 ./Startup/startup_stm32f401retx.o
                                         0x71 (size before relaxing)
 .debug_str     0x000000000003a601      0x33c C:\Users\Thanh Nam\Downloads\SDK_1.0.3_NUCLEO-F401RE\SDK_1.0.3_NUCLEO-F401RE\lib_stm\libLibraries.a(stm32f401re_gpio.o)
                                      0x3a690 (size before relaxing)
 .debug_str     0x000000000003a93d      0xd17 C:\Users\Thanh Nam\Downloads\SDK_1.0.3_NUCLEO-F401RE\SDK_1.0.3_NUCLEO-F401RE\lib_stm\libLibraries.a(stm32f401re_rcc.o)
                                      0x39aa1 (size before relaxing)

.comment        0x0000000000000000       0xce
 .comment       0x0000000000000000       0x53 ./Src/bai5.o
                                         0x54 (size before relaxing)
 .comment       0x0000000000000053       0x7b C:\Users\Thanh Nam\Downloads\SDK_1.0.3_NUCLEO-F401RE\SDK_1.0.3_NUCLEO-F401RE\lib_stm\libLibraries.a(stm32f401re_gpio.o)
                                         0x7c (size before relaxing)
 .comment       0x00000000000000ce       0x7c C:\Users\Thanh Nam\Downloads\SDK_1.0.3_NUCLEO-F401RE\SDK_1.0.3_NUCLEO-F401RE\lib_stm\libLibraries.a(stm32f401re_rcc.o)

.debug_frame    0x0000000000000000      0xae8
 .debug_frame   0x0000000000000000      0x10c ./Src/bai5.o
 .debug_frame   0x000000000000010c      0x23c C:\Users\Thanh Nam\Downloads\SDK_1.0.3_NUCLEO-F401RE\SDK_1.0.3_NUCLEO-F401RE\lib_stm\libLibraries.a(stm32f401re_gpio.o)
 .debug_frame   0x0000000000000348      0x774 C:\Users\Thanh Nam\Downloads\SDK_1.0.3_NUCLEO-F401RE\SDK_1.0.3_NUCLEO-F401RE\lib_stm\libLibraries.a(stm32f401re_rcc.o)
 .debug_frame   0x0000000000000abc       0x2c c:/st/stm32cubeide_1.7.0/stm32cubeide/plugins/com.st.stm32cube.ide.mcu.externaltools.gnu-tools-for-stm32.9-2020-q2-update.win32_2.0.0.202105311346/tools/bin/../lib/gcc/arm-none-eabi/9.3.1/../../../../arm-none-eabi/lib/thumb/v7e-m+fp/hard\libc_nano.a(lib_a-init.o)
